<?xml version="1.0"?>
<link_info>
   <banner>TI ARM Linker PC v5.2.2</banner>
   <copyright>Copyright (c) 1996-2015 Texas Instruments Incorporated</copyright>
   <link_time>0x5afee636</link_time>
   <link_errors>0x0</link_errors>
   <output_file>mqtt_client.out</output_file>
   <entry_point>
      <name>_c_int00</name>
      <address>0x20014209</address>
   </entry_point>
   <input_file_list>
      <input_file id="fl-2">
         <path>.\</path>
         <kind>object</kind>
         <file>adc_userinput.obj</file>
         <name>adc_userinput.obj</name>
      </input_file>
      <input_file id="fl-3">
         <path>.\</path>
         <kind>object</kind>
         <file>button_if.obj</file>
         <name>button_if.obj</name>
      </input_file>
      <input_file id="fl-4">
         <path>.\</path>
         <kind>object</kind>
         <file>gpio_if.obj</file>
         <name>gpio_if.obj</name>
      </input_file>
      <input_file id="fl-5">
         <path>.\</path>
         <kind>object</kind>
         <file>main.obj</file>
         <name>main.obj</name>
      </input_file>
      <input_file id="fl-6">
         <path>.\</path>
         <kind>object</kind>
         <file>network_common.obj</file>
         <name>network_common.obj</name>
      </input_file>
      <input_file id="fl-7">
         <path>.\</path>
         <kind>object</kind>
         <file>network_if.obj</file>
         <name>network_if.obj</name>
      </input_file>
      <input_file id="fl-8">
         <path>.\</path>
         <kind>object</kind>
         <file>pinmux.obj</file>
         <name>pinmux.obj</name>
      </input_file>
      <input_file id="fl-9">
         <path>.\</path>
         <kind>object</kind>
         <file>startup_ccs.obj</file>
         <name>startup_ccs.obj</name>
      </input_file>
      <input_file id="fl-a">
         <path>.\</path>
         <kind>object</kind>
         <file>temp.obj</file>
         <name>temp.obj</name>
      </input_file>
      <input_file id="fl-b">
         <path>.\</path>
         <kind>object</kind>
         <file>timer_if.obj</file>
         <name>timer_if.obj</name>
      </input_file>
      <input_file id="fl-c">
         <path>.\</path>
         <kind>object</kind>
         <file>uart_if.obj</file>
         <name>uart_if.obj</name>
      </input_file>
      <input_file id="fl-136">
         <path>C:\TI\ccs_v6\ccsv6\tools\compiler\ti-cgt-arm_5.2.2\lib\</path>
         <kind>archive</kind>
         <file>rtsv7M4_T_le_eabi.lib</file>
         <name>boot.obj</name>
      </input_file>
      <input_file id="fl-137">
         <path>C:\TI\ccs_v6\ccsv6\tools\compiler\ti-cgt-arm_5.2.2\lib\</path>
         <kind>archive</kind>
         <file>rtsv7M4_T_le_eabi.lib</file>
         <name>copy_decompress_none.obj</name>
      </input_file>
      <input_file id="fl-138">
         <path>C:\TI\ccs_v6\ccsv6\tools\compiler\ti-cgt-arm_5.2.2\lib\</path>
         <kind>archive</kind>
         <file>rtsv7M4_T_le_eabi.lib</file>
         <name>copy_decompress_rle.obj</name>
      </input_file>
      <input_file id="fl-139">
         <path>C:\TI\ccs_v6\ccsv6\tools\compiler\ti-cgt-arm_5.2.2\lib\</path>
         <kind>archive</kind>
         <file>rtsv7M4_T_le_eabi.lib</file>
         <name>copy_zero_init.obj</name>
      </input_file>
      <input_file id="fl-13a">
         <path>C:\TI\ccs_v6\ccsv6\tools\compiler\ti-cgt-arm_5.2.2\lib\</path>
         <kind>archive</kind>
         <file>rtsv7M4_T_le_eabi.lib</file>
         <name>exit.obj</name>
      </input_file>
      <input_file id="fl-13b">
         <path>C:\TI\ccs_v6\ccsv6\tools\compiler\ti-cgt-arm_5.2.2\lib\</path>
         <kind>archive</kind>
         <file>rtsv7M4_T_le_eabi.lib</file>
         <name>fs_mul_t2.obj</name>
      </input_file>
      <input_file id="fl-13c">
         <path>C:\TI\ccs_v6\ccsv6\tools\compiler\ti-cgt-arm_5.2.2\lib\</path>
         <kind>archive</kind>
         <file>rtsv7M4_T_le_eabi.lib</file>
         <name>memcpy_t2.obj</name>
      </input_file>
      <input_file id="fl-13d">
         <path>C:\TI\ccs_v6\ccsv6\tools\compiler\ti-cgt-arm_5.2.2\lib\</path>
         <kind>archive</kind>
         <file>rtsv7M4_T_le_eabi.lib</file>
         <name>memmov.obj</name>
      </input_file>
      <input_file id="fl-13e">
         <path>C:\TI\ccs_v6\ccsv6\tools\compiler\ti-cgt-arm_5.2.2\lib\</path>
         <kind>archive</kind>
         <file>rtsv7M4_T_le_eabi.lib</file>
         <name>memory.obj</name>
      </input_file>
      <input_file id="fl-13f">
         <path>C:\TI\ccs_v6\ccsv6\tools\compiler\ti-cgt-arm_5.2.2\lib\</path>
         <kind>archive</kind>
         <file>rtsv7M4_T_le_eabi.lib</file>
         <name>memset_t2.obj</name>
      </input_file>
      <input_file id="fl-140">
         <path>C:\TI\ccs_v6\ccsv6\tools\compiler\ti-cgt-arm_5.2.2\lib\</path>
         <kind>archive</kind>
         <file>rtsv7M4_T_le_eabi.lib</file>
         <name>pre_init.obj</name>
      </input_file>
      <input_file id="fl-141">
         <path>C:\TI\ccs_v6\ccsv6\tools\compiler\ti-cgt-arm_5.2.2\lib\</path>
         <kind>archive</kind>
         <file>rtsv7M4_T_le_eabi.lib</file>
         <name>stkdepth_vars.obj</name>
      </input_file>
      <input_file id="fl-142">
         <path>C:\TI\ccs_v6\ccsv6\tools\compiler\ti-cgt-arm_5.2.2\lib\</path>
         <kind>archive</kind>
         <file>rtsv7M4_T_le_eabi.lib</file>
         <name>strchr.obj</name>
      </input_file>
      <input_file id="fl-143">
         <path>C:\TI\ccs_v6\ccsv6\tools\compiler\ti-cgt-arm_5.2.2\lib\</path>
         <kind>archive</kind>
         <file>rtsv7M4_T_le_eabi.lib</file>
         <name>strcmp.obj</name>
      </input_file>
      <input_file id="fl-144">
         <path>C:\TI\ccs_v6\ccsv6\tools\compiler\ti-cgt-arm_5.2.2\lib\</path>
         <kind>archive</kind>
         <file>rtsv7M4_T_le_eabi.lib</file>
         <name>strcpy.obj</name>
      </input_file>
      <input_file id="fl-145">
         <path>C:\TI\ccs_v6\ccsv6\tools\compiler\ti-cgt-arm_5.2.2\lib\</path>
         <kind>archive</kind>
         <file>rtsv7M4_T_le_eabi.lib</file>
         <name>strlen.obj</name>
      </input_file>
      <input_file id="fl-146">
         <path>C:\TI\ccs_v6\ccsv6\tools\compiler\ti-cgt-arm_5.2.2\lib\</path>
         <kind>archive</kind>
         <file>rtsv7M4_T_le_eabi.lib</file>
         <name>strncmp.obj</name>
      </input_file>
      <input_file id="fl-147">
         <path>C:\TI\ccs_v6\ccsv6\tools\compiler\ti-cgt-arm_5.2.2\lib\</path>
         <kind>archive</kind>
         <file>rtsv7M4_T_le_eabi.lib</file>
         <name>strncpy.obj</name>
      </input_file>
      <input_file id="fl-148">
         <path>C:\TI\ccs_v6\ccsv6\tools\compiler\ti-cgt-arm_5.2.2\lib\</path>
         <kind>archive</kind>
         <file>rtsv7M4_T_le_eabi.lib</file>
         <name>strtok.obj</name>
      </input_file>
      <input_file id="fl-149">
         <path>C:\TI\ccs_v6\ccsv6\tools\compiler\ti-cgt-arm_5.2.2\lib\</path>
         <kind>archive</kind>
         <file>rtsv7M4_T_le_eabi.lib</file>
         <name>u_tofs_t2.obj</name>
      </input_file>
      <input_file id="fl-14a">
         <path>C:\TI\ccs_v6\ccsv6\tools\compiler\ti-cgt-arm_5.2.2\lib\</path>
         <kind>archive</kind>
         <file>rtsv7M4_T_le_eabi.lib</file>
         <name>vsnprintf.obj</name>
      </input_file>
      <input_file id="fl-14b">
         <path>C:\TI\ccs_v6\ccsv6\tools\compiler\ti-cgt-arm_5.2.2\lib\</path>
         <kind>archive</kind>
         <file>rtsv7M4_T_le_eabi.lib</file>
         <name>_lock.obj</name>
      </input_file>
      <input_file id="fl-14c">
         <path>C:\TI\ccs_v6\ccsv6\tools\compiler\ti-cgt-arm_5.2.2\lib\</path>
         <kind>archive</kind>
         <file>rtsv7M4_T_le_eabi.lib</file>
         <name>_printfi.obj</name>
      </input_file>
      <input_file id="fl-14d">
         <path>C:\TI\ccs_v6\ccsv6\tools\compiler\ti-cgt-arm_5.2.2\lib\</path>
         <kind>archive</kind>
         <file>rtsv7M4_T_le_eabi.lib</file>
         <name>args_main.obj</name>
      </input_file>
      <input_file id="fl-14e">
         <path>C:\TI\ccs_v6\ccsv6\tools\compiler\ti-cgt-arm_5.2.2\lib\</path>
         <kind>archive</kind>
         <file>rtsv7M4_T_le_eabi.lib</file>
         <name>atoi.obj</name>
      </input_file>
      <input_file id="fl-14f">
         <path>C:\TI\ccs_v6\ccsv6\tools\compiler\ti-cgt-arm_5.2.2\lib\</path>
         <kind>archive</kind>
         <file>rtsv7M4_T_le_eabi.lib</file>
         <name>autoinit.obj</name>
      </input_file>
      <input_file id="fl-150">
         <path>C:\TI\ccs_v6\ccsv6\tools\compiler\ti-cgt-arm_5.2.2\lib\</path>
         <kind>archive</kind>
         <file>rtsv7M4_T_le_eabi.lib</file>
         <name>cpy_tbl.obj</name>
      </input_file>
      <input_file id="fl-151">
         <path>C:\TI\ccs_v6\ccsv6\tools\compiler\ti-cgt-arm_5.2.2\lib\</path>
         <kind>archive</kind>
         <file>rtsv7M4_T_le_eabi.lib</file>
         <name>ctype.obj</name>
      </input_file>
      <input_file id="fl-152">
         <path>C:\TI\ccs_v6\ccsv6\tools\compiler\ti-cgt-arm_5.2.2\lib\</path>
         <kind>archive</kind>
         <file>rtsv7M4_T_le_eabi.lib</file>
         <name>fd_add_t2.obj</name>
      </input_file>
      <input_file id="fl-153">
         <path>C:\TI\ccs_v6\ccsv6\tools\compiler\ti-cgt-arm_5.2.2\lib\</path>
         <kind>archive</kind>
         <file>rtsv7M4_T_le_eabi.lib</file>
         <name>fd_cmp_t2.obj</name>
      </input_file>
      <input_file id="fl-154">
         <path>C:\TI\ccs_v6\ccsv6\tools\compiler\ti-cgt-arm_5.2.2\lib\</path>
         <kind>archive</kind>
         <file>rtsv7M4_T_le_eabi.lib</file>
         <name>fd_div_t2.obj</name>
      </input_file>
      <input_file id="fl-155">
         <path>C:\TI\ccs_v6\ccsv6\tools\compiler\ti-cgt-arm_5.2.2\lib\</path>
         <kind>archive</kind>
         <file>rtsv7M4_T_le_eabi.lib</file>
         <name>fd_mul_t2.obj</name>
      </input_file>
      <input_file id="fl-156">
         <path>C:\TI\ccs_v6\ccsv6\tools\compiler\ti-cgt-arm_5.2.2\lib\</path>
         <kind>archive</kind>
         <file>rtsv7M4_T_le_eabi.lib</file>
         <name>fd_toi_t2.obj</name>
      </input_file>
      <input_file id="fl-157">
         <path>C:\TI\ccs_v6\ccsv6\tools\compiler\ti-cgt-arm_5.2.2\lib\</path>
         <kind>archive</kind>
         <file>rtsv7M4_T_le_eabi.lib</file>
         <name>frexp.obj</name>
      </input_file>
      <input_file id="fl-158">
         <path>C:\TI\ccs_v6\ccsv6\tools\compiler\ti-cgt-arm_5.2.2\lib\</path>
         <kind>archive</kind>
         <file>rtsv7M4_T_le_eabi.lib</file>
         <name>i_tofd_t2.obj</name>
      </input_file>
      <input_file id="fl-159">
         <path>C:\TI\ccs_v6\ccsv6\tools\compiler\ti-cgt-arm_5.2.2\lib\</path>
         <kind>archive</kind>
         <file>rtsv7M4_T_le_eabi.lib</file>
         <name>ldexp.obj</name>
      </input_file>
      <input_file id="fl-15a">
         <path>C:\TI\ccs_v6\ccsv6\tools\compiler\ti-cgt-arm_5.2.2\lib\</path>
         <kind>archive</kind>
         <file>rtsv7M4_T_le_eabi.lib</file>
         <name>ltoa.obj</name>
      </input_file>
      <input_file id="fl-15b">
         <path>C:\TI\ccs_v6\ccsv6\tools\compiler\ti-cgt-arm_5.2.2\lib\</path>
         <kind>archive</kind>
         <file>rtsv7M4_T_le_eabi.lib</file>
         <name>memccpy.obj</name>
      </input_file>
      <input_file id="fl-15c">
         <path>C:\TI\ccs_v6\ccsv6\tools\compiler\ti-cgt-arm_5.2.2\lib\</path>
         <kind>archive</kind>
         <file>rtsv7M4_T_le_eabi.lib</file>
         <name>strcspn.obj</name>
      </input_file>
      <input_file id="fl-15d">
         <path>C:\TI\ccs_v6\ccsv6\tools\compiler\ti-cgt-arm_5.2.2\lib\</path>
         <kind>archive</kind>
         <file>rtsv7M4_T_le_eabi.lib</file>
         <name>strspn.obj</name>
      </input_file>
      <input_file id="fl-15e">
         <path>C:\TI\ccs_v6\ccsv6\tools\compiler\ti-cgt-arm_5.2.2\lib\</path>
         <kind>archive</kind>
         <file>rtsv7M4_T_le_eabi.lib</file>
         <name>ull_div_t2.obj</name>
      </input_file>
      <input_file id="fl-15f">
         <path>C:\TI\ccs_v6\ccsv6\tools\compiler\ti-cgt-arm_5.2.2\lib\</path>
         <kind>archive</kind>
         <file>rtsv7M4_T_le_eabi.lib</file>
         <name>xdclass.obj</name>
      </input_file>
      <input_file id="fl-160">
         <path>C:\TI\ccs_v6\ccsv6\tools\compiler\ti-cgt-arm_5.2.2\lib\</path>
         <kind>archive</kind>
         <file>rtsv7M4_T_le_eabi.lib</file>
         <name>xdscale.obj</name>
      </input_file>
      <input_file id="fl-161">
         <path>C:\TI\ccs_v6\ccsv6\tools\compiler\ti-cgt-arm_5.2.2\lib\</path>
         <kind>archive</kind>
         <file>rtsv7M4_T_le_eabi.lib</file>
         <name>xdunscal.obj</name>
      </input_file>
      <input_file id="fl-162">
         <path>C:\TI\ccs_v6\ccsv6\tools\compiler\ti-cgt-arm_5.2.2\lib\</path>
         <kind>archive</kind>
         <file>rtsv7M4_T_le_eabi.lib</file>
         <name>xferaise.obj</name>
      </input_file>
      <input_file id="fl-163">
         <path>C:\TI\ccs_v6\ccsv6\tools\compiler\ti-cgt-arm_5.2.2\lib\</path>
         <kind>archive</kind>
         <file>rtsv7M4_T_le_eabi.lib</file>
         <name>xvalues.obj</name>
      </input_file>
      <input_file id="fl-164">
         <path>C:\TI\ccs_v6\ccsv6\tools\compiler\ti-cgt-arm_5.2.2\lib\</path>
         <kind>archive</kind>
         <file>rtsv7M4_T_le_eabi.lib</file>
         <name>errno.obj</name>
      </input_file>
      <input_file id="fl-165">
         <path>C:\TI\ccs_v6\ccsv6\tools\compiler\ti-cgt-arm_5.2.2\lib\</path>
         <kind>archive</kind>
         <file>rtsv7M4_T_le_eabi.lib</file>
         <name>feraiseexcept.obj</name>
      </input_file>
      <input_file id="fl-166">
         <path>C:\TI\ccs_v6\ccsv6\tools\compiler\ti-cgt-arm_5.2.2\lib\</path>
         <kind>archive</kind>
         <file>rtsv7M4_T_le_eabi.lib</file>
         <name>raise.obj</name>
      </input_file>
      <input_file id="fl-167">
         <path>C:\TI\ccs_v6\ccsv6\tools\compiler\ti-cgt-arm_5.2.2\lib\</path>
         <kind>archive</kind>
         <file>rtsv7M4_T_le_eabi.lib</file>
         <name>signal.obj</name>
      </input_file>
      <input_file id="fl-168">
         <path>C:\TI\ccs_v6\ccsv6\tools\compiler\ti-cgt-arm_5.2.2\lib\</path>
         <kind>archive</kind>
         <file>rtsv7M4_T_le_eabi.lib</file>
         <name>xdnorm.obj</name>
      </input_file>
      <input_file id="fl-169">
         <path>C:\TI\CC3200SDK_1.2.0\cc3200-sdk\example\mqtt_client\ccs\..\..\..\oslib\ccs\free_rtos\</path>
         <kind>archive</kind>
         <file>free_rtos.a</file>
         <name>osi_freertos.obj</name>
      </input_file>
      <input_file id="fl-16a">
         <path>C:\TI\CC3200SDK_1.2.0\cc3200-sdk\example\mqtt_client\ccs\..\..\..\oslib\ccs\free_rtos\</path>
         <kind>archive</kind>
         <file>free_rtos.a</file>
         <name>port.obj</name>
      </input_file>
      <input_file id="fl-16b">
         <path>C:\TI\CC3200SDK_1.2.0\cc3200-sdk\example\mqtt_client\ccs\..\..\..\oslib\ccs\free_rtos\</path>
         <kind>archive</kind>
         <file>free_rtos.a</file>
         <name>portasm.obj</name>
      </input_file>
      <input_file id="fl-16c">
         <path>C:\TI\CC3200SDK_1.2.0\cc3200-sdk\example\mqtt_client\ccs\..\..\..\oslib\ccs\free_rtos\</path>
         <kind>archive</kind>
         <file>free_rtos.a</file>
         <name>queue.obj</name>
      </input_file>
      <input_file id="fl-16d">
         <path>C:\TI\CC3200SDK_1.2.0\cc3200-sdk\example\mqtt_client\ccs\..\..\..\oslib\ccs\free_rtos\</path>
         <kind>archive</kind>
         <file>free_rtos.a</file>
         <name>tasks.obj</name>
      </input_file>
      <input_file id="fl-16e">
         <path>C:\TI\CC3200SDK_1.2.0\cc3200-sdk\example\mqtt_client\ccs\..\..\..\oslib\ccs\free_rtos\</path>
         <kind>archive</kind>
         <file>free_rtos.a</file>
         <name>heap_3.obj</name>
      </input_file>
      <input_file id="fl-16f">
         <path>C:\TI\CC3200SDK_1.2.0\cc3200-sdk\example\mqtt_client\ccs\..\..\..\oslib\ccs\free_rtos\</path>
         <kind>archive</kind>
         <file>free_rtos.a</file>
         <name>list.obj</name>
      </input_file>
      <input_file id="fl-170">
         <path>C:\TI\CC3200SDK_1.2.0\cc3200-sdk\example\mqtt_client\ccs\..\..\..\simplelink\ccs\OS\</path>
         <kind>archive</kind>
         <file>simplelink.a</file>
         <name>device.obj</name>
      </input_file>
      <input_file id="fl-171">
         <path>C:\TI\CC3200SDK_1.2.0\cc3200-sdk\example\mqtt_client\ccs\..\..\..\simplelink\ccs\OS\</path>
         <kind>archive</kind>
         <file>simplelink.a</file>
         <name>driver.obj</name>
      </input_file>
      <input_file id="fl-172">
         <path>C:\TI\CC3200SDK_1.2.0\cc3200-sdk\example\mqtt_client\ccs\..\..\..\simplelink\ccs\OS\</path>
         <kind>archive</kind>
         <file>simplelink.a</file>
         <name>netapp.obj</name>
      </input_file>
      <input_file id="fl-173">
         <path>C:\TI\CC3200SDK_1.2.0\cc3200-sdk\example\mqtt_client\ccs\..\..\..\simplelink\ccs\OS\</path>
         <kind>archive</kind>
         <file>simplelink.a</file>
         <name>netcfg.obj</name>
      </input_file>
      <input_file id="fl-174">
         <path>C:\TI\CC3200SDK_1.2.0\cc3200-sdk\example\mqtt_client\ccs\..\..\..\simplelink\ccs\OS\</path>
         <kind>archive</kind>
         <file>simplelink.a</file>
         <name>socket.obj</name>
      </input_file>
      <input_file id="fl-175">
         <path>C:\TI\CC3200SDK_1.2.0\cc3200-sdk\example\mqtt_client\ccs\..\..\..\simplelink\ccs\OS\</path>
         <kind>archive</kind>
         <file>simplelink.a</file>
         <name>wlan.obj</name>
      </input_file>
      <input_file id="fl-176">
         <path>C:\TI\CC3200SDK_1.2.0\cc3200-sdk\example\mqtt_client\ccs\..\..\..\simplelink\ccs\OS\</path>
         <kind>archive</kind>
         <file>simplelink.a</file>
         <name>cc_pal.obj</name>
      </input_file>
      <input_file id="fl-177">
         <path>C:\TI\CC3200SDK_1.2.0\cc3200-sdk\example\mqtt_client\ccs\..\..\..\netapps\mqtt\ccs\client\</path>
         <kind>archive</kind>
         <file>mqtt.a</file>
         <name>sl_mqtt_client.obj</name>
      </input_file>
      <input_file id="fl-178">
         <path>C:\TI\CC3200SDK_1.2.0\cc3200-sdk\example\mqtt_client\ccs\..\..\..\netapps\mqtt\ccs\client\</path>
         <kind>archive</kind>
         <file>mqtt.a</file>
         <name>cc31xx_sl_net.obj</name>
      </input_file>
      <input_file id="fl-179">
         <path>C:\TI\CC3200SDK_1.2.0\cc3200-sdk\example\mqtt_client\ccs\..\..\..\netapps\mqtt\ccs\client\</path>
         <kind>archive</kind>
         <file>mqtt.a</file>
         <name>cc3200_platform.obj</name>
      </input_file>
      <input_file id="fl-17a">
         <path>C:\TI\CC3200SDK_1.2.0\cc3200-sdk\example\mqtt_client\ccs\..\..\..\netapps\mqtt\ccs\client\</path>
         <kind>archive</kind>
         <file>mqtt.a</file>
         <name>mqtt_client.obj</name>
      </input_file>
      <input_file id="fl-17b">
         <path>C:\TI\CC3200SDK_1.2.0\cc3200-sdk\example\mqtt_client\ccs\..\..\..\netapps\mqtt\ccs\client\</path>
         <kind>archive</kind>
         <file>mqtt.a</file>
         <name>mqtt_common.obj</name>
      </input_file>
      <input_file id="fl-17c">
         <path>C:\TI\CC3200SDK_1.2.0\cc3200-sdk\example\mqtt_client\ccs\..\..\..\driverlib\ccs\Release\</path>
         <kind>archive</kind>
         <file>driverlib.a</file>
         <name>gpio.obj</name>
      </input_file>
      <input_file id="fl-17d">
         <path>C:\TI\CC3200SDK_1.2.0\cc3200-sdk\example\mqtt_client\ccs\..\..\..\driverlib\ccs\Release\</path>
         <kind>archive</kind>
         <file>driverlib.a</file>
         <name>interrupt.obj</name>
      </input_file>
      <input_file id="fl-17e">
         <path>C:\TI\CC3200SDK_1.2.0\cc3200-sdk\example\mqtt_client\ccs\..\..\..\driverlib\ccs\Release\</path>
         <kind>archive</kind>
         <file>driverlib.a</file>
         <name>pin.obj</name>
      </input_file>
      <input_file id="fl-17f">
         <path>C:\TI\CC3200SDK_1.2.0\cc3200-sdk\example\mqtt_client\ccs\..\..\..\driverlib\ccs\Release\</path>
         <kind>archive</kind>
         <file>driverlib.a</file>
         <name>prcm.obj</name>
      </input_file>
      <input_file id="fl-180">
         <path>C:\TI\CC3200SDK_1.2.0\cc3200-sdk\example\mqtt_client\ccs\..\..\..\driverlib\ccs\Release\</path>
         <kind>archive</kind>
         <file>driverlib.a</file>
         <name>spi.obj</name>
      </input_file>
      <input_file id="fl-181">
         <path>C:\TI\CC3200SDK_1.2.0\cc3200-sdk\example\mqtt_client\ccs\..\..\..\driverlib\ccs\Release\</path>
         <kind>archive</kind>
         <file>driverlib.a</file>
         <name>timer.obj</name>
      </input_file>
      <input_file id="fl-182">
         <path>C:\TI\CC3200SDK_1.2.0\cc3200-sdk\example\mqtt_client\ccs\..\..\..\driverlib\ccs\Release\</path>
         <kind>archive</kind>
         <file>driverlib.a</file>
         <name>uart.obj</name>
      </input_file>
      <input_file id="fl-183">
         <path>C:\TI\CC3200SDK_1.2.0\cc3200-sdk\example\mqtt_client\ccs\..\..\..\driverlib\ccs\Release\</path>
         <kind>archive</kind>
         <file>driverlib.a</file>
         <name>udma.obj</name>
      </input_file>
      <input_file id="fl-184">
         <path>C:\TI\CC3200SDK_1.2.0\cc3200-sdk\example\mqtt_client\ccs\..\..\..\driverlib\ccs\Release\</path>
         <kind>archive</kind>
         <file>driverlib.a</file>
         <name>utils.obj</name>
      </input_file>
      <input_file id="fl-185">
         <path>C:\TI\CC3200SDK_1.2.0\cc3200-sdk\example\mqtt_client\ccs\..\..\..\driverlib\ccs\Release\</path>
         <kind>archive</kind>
         <file>driverlib.a</file>
         <name>cpu.obj</name>
      </input_file>
      <input_file id="fl-186">
         <path>C:\TI\CC3200SDK_1.2.0\cc3200-sdk\example\mqtt_client\ccs\..\..\..\driverlib\ccs\Release\</path>
         <kind>archive</kind>
         <file>driverlib.a</file>
         <name>flash.obj</name>
      </input_file>
   </input_file_list>
   <object_component_list>
      <object_component id="oc-f">
         <name>.intvecs</name>
         <load_address>0x20004000</load_address>
         <run_address>0x20004000</run_address>
         <size>0x400</size>
         <input_file_ref idref="fl-9"/>
      </object_component>
      <object_component id="oc-3ca">
         <name>.text</name>
         <load_address>0x20004400</load_address>
         <run_address>0x20004400</run_address>
         <size>0x25cc</size>
         <input_file_ref idref="fl-17a"/>
      </object_component>
      <object_component id="oc-f2">
         <name>.text</name>
         <load_address>0x200069cc</load_address>
         <run_address>0x200069cc</run_address>
         <size>0x12e0</size>
         <input_file_ref idref="fl-7"/>
      </object_component>
      <object_component id="oc-87">
         <name>.text</name>
         <load_address>0x20007cac</load_address>
         <run_address>0x20007cac</run_address>
         <size>0x125c</size>
         <input_file_ref idref="fl-16d"/>
      </object_component>
      <object_component id="oc-4dc">
         <name>.text</name>
         <load_address>0x20008f08</load_address>
         <run_address>0x20008f08</run_address>
         <size>0x10a6</size>
         <input_file_ref idref="fl-14c"/>
      </object_component>
      <object_component id="oc-502">
         <name>.text:IntDefaultHandler</name>
         <load_address>0x20009fae</load_address>
         <run_address>0x20009fae</run_address>
         <size>0x2</size>
         <input_file_ref idref="fl-17d"/>
      </object_component>
      <object_component id="oc-c3">
         <name>.text</name>
         <load_address>0x20009fb0</load_address>
         <run_address>0x20009fb0</run_address>
         <size>0xd70</size>
         <input_file_ref idref="fl-5"/>
      </object_component>
      <object_component id="oc-2dd">
         <name>.text</name>
         <load_address>0x2000ad20</load_address>
         <run_address>0x2000ad20</run_address>
         <size>0xb24</size>
         <input_file_ref idref="fl-16c"/>
      </object_component>
      <object_component id="oc-1a7">
         <name>.text</name>
         <load_address>0x2000b844</load_address>
         <run_address>0x2000b844</run_address>
         <size>0xa68</size>
         <input_file_ref idref="fl-177"/>
      </object_component>
      <object_component id="oc-565">
         <name>.text</name>
         <load_address>0x2000c2ac</load_address>
         <run_address>0x2000c2ac</run_address>
         <size>0xa0c</size>
         <input_file_ref idref="fl-17b"/>
      </object_component>
      <object_component id="oc-587">
         <name>.text</name>
         <load_address>0x2000ccb8</load_address>
         <run_address>0x2000ccb8</run_address>
         <size>0x6d0</size>
         <input_file_ref idref="fl-178"/>
      </object_component>
      <object_component id="oc-6d2">
         <name>.text:_SlDrvMsgRead</name>
         <load_address>0x2000d388</load_address>
         <run_address>0x2000d388</run_address>
         <size>0x590</size>
         <input_file_ref idref="fl-171"/>
      </object_component>
      <object_component id="oc-15a">
         <name>.text</name>
         <load_address>0x2000d918</load_address>
         <run_address>0x2000d918</run_address>
         <size>0x45c</size>
         <input_file_ref idref="fl-169"/>
      </object_component>
      <object_component id="oc-12a">
         <name>.text</name>
         <load_address>0x2000dd74</load_address>
         <run_address>0x2000dd74</run_address>
         <size>0x3dc</size>
         <input_file_ref idref="fl-13e"/>
      </object_component>
      <object_component id="oc-16c">
         <name>.text</name>
         <load_address>0x2000e150</load_address>
         <run_address>0x2000e150</run_address>
         <size>0x394</size>
         <input_file_ref idref="fl-4"/>
      </object_component>
      <object_component id="oc-194">
         <name>.text:sl_WlanProfileAdd</name>
         <load_address>0x2000e4e4</load_address>
         <run_address>0x2000e4e4</run_address>
         <size>0x294</size>
         <input_file_ref idref="fl-175"/>
      </object_component>
      <object_component id="oc-13c">
         <name>.text</name>
         <load_address>0x2000e778</load_address>
         <run_address>0x2000e778</run_address>
         <size>0x290</size>
         <input_file_ref idref="fl-c"/>
      </object_component>
      <object_component id="oc-23c">
         <name>.text:sl_WlanConnect</name>
         <load_address>0x2000ea08</load_address>
         <run_address>0x2000ea08</run_address>
         <size>0x260</size>
         <input_file_ref idref="fl-175"/>
      </object_component>
      <object_component id="oc-803">
         <name>.text:_SlDrvRxHdrRead</name>
         <load_address>0x2000ec68</load_address>
         <run_address>0x2000ec68</run_address>
         <size>0x1fc</size>
         <input_file_ref idref="fl-171"/>
      </object_component>
      <object_component id="oc-651">
         <name>.text</name>
         <load_address>0x2000ee64</load_address>
         <run_address>0x2000ee64</run_address>
         <size>0x1f4</size>
         <input_file_ref idref="fl-15e"/>
      </object_component>
      <object_component id="oc-863">
         <name>.text:_SlDrvDataReadOp</name>
         <load_address>0x2000f058</load_address>
         <run_address>0x2000f058</run_address>
         <size>0x1e0</size>
         <input_file_ref idref="fl-171"/>
      </object_component>
      <object_component id="oc-44d">
         <name>.text:_SlDrvReleasePoolObj</name>
         <load_address>0x2000f238</load_address>
         <run_address>0x2000f238</run_address>
         <size>0x1d0</size>
         <input_file_ref idref="fl-171"/>
      </object_component>
      <object_component id="oc-172">
         <name>.text</name>
         <load_address>0x2000f408</load_address>
         <run_address>0x2000f408</run_address>
         <size>0x1c0</size>
         <input_file_ref idref="fl-b"/>
      </object_component>
      <object_component id="oc-67a">
         <name>.text</name>
         <load_address>0x2000f5c8</load_address>
         <run_address>0x2000f5c8</run_address>
         <size>0x1b6</size>
         <input_file_ref idref="fl-152"/>
      </object_component>
      <object_component id="oc-74e">
         <name>.text:sl_Accept</name>
         <load_address>0x2000f780</load_address>
         <run_address>0x2000f780</run_address>
         <size>0x1a0</size>
         <input_file_ref idref="fl-174"/>
      </object_component>
      <object_component id="oc-53d">
         <name>.text:_SlDrvMsgWrite</name>
         <load_address>0x2000f920</load_address>
         <run_address>0x2000f920</run_address>
         <size>0x19c</size>
         <input_file_ref idref="fl-171"/>
      </object_component>
      <object_component id="oc-423">
         <name>.text:_SlDrvDriverCBInit</name>
         <load_address>0x2000fabc</load_address>
         <run_address>0x2000fabc</run_address>
         <size>0x190</size>
         <input_file_ref idref="fl-171"/>
      </object_component>
      <object_component id="oc-4a4">
         <name>.text:_SlDrvWaitForPoolObj</name>
         <load_address>0x2000fc4c</load_address>
         <run_address>0x2000fc4c</run_address>
         <size>0x190</size>
         <input_file_ref idref="fl-171"/>
      </object_component>
      <object_component id="oc-18a">
         <name>.text:PRCMCC3200MCUInit</name>
         <load_address>0x2000fddc</load_address>
         <run_address>0x2000fddc</run_address>
         <size>0x178</size>
         <input_file_ref idref="fl-17f"/>
      </object_component>
      <object_component id="oc-815">
         <name>.text:_SlFindAndSetActiveObj</name>
         <load_address>0x2000ff54</load_address>
         <run_address>0x2000ff54</run_address>
         <size>0x170</size>
         <input_file_ref idref="fl-171"/>
      </object_component>
      <object_component id="oc-718">
         <name>.text:sl_Connect</name>
         <load_address>0x200100c4</load_address>
         <run_address>0x200100c4</run_address>
         <size>0x16c</size>
         <input_file_ref idref="fl-174"/>
      </object_component>
      <object_component id="oc-742">
         <name>.text:sl_Select</name>
         <load_address>0x20010230</load_address>
         <run_address>0x20010230</run_address>
         <size>0x15c</size>
         <input_file_ref idref="fl-174"/>
      </object_component>
      <object_component id="oc-1a1">
         <name>.text</name>
         <load_address>0x2001038c</load_address>
         <run_address>0x2001038c</run_address>
         <size>0x150</size>
         <input_file_ref idref="fl-3"/>
      </object_component>
      <object_component id="oc-429">
         <name>.text:spi_Open</name>
         <load_address>0x200104dc</load_address>
         <run_address>0x200104dc</run_address>
         <size>0x150</size>
         <input_file_ref idref="fl-176"/>
      </object_component>
      <object_component id="oc-85c">
         <name>.text:_SlDrvDataWriteOp</name>
         <load_address>0x2001062c</load_address>
         <run_address>0x2001062c</run_address>
         <size>0x14c</size>
         <input_file_ref idref="fl-171"/>
      </object_component>
      <object_component id="oc-660">
         <name>.text</name>
         <load_address>0x20010778</load_address>
         <run_address>0x20010778</run_address>
         <size>0x136</size>
         <input_file_ref idref="fl-154"/>
      </object_component>
      <object_component id="oc-249">
         <name>.text:sl_NetAppDnsGetHostByName</name>
         <load_address>0x200108b0</load_address>
         <run_address>0x200108b0</run_address>
         <size>0x12c</size>
         <input_file_ref idref="fl-172"/>
      </object_component>
      <object_component id="oc-e2">
         <name>.text</name>
         <load_address>0x200109dc</load_address>
         <run_address>0x200109dc</run_address>
         <size>0x12a</size>
         <input_file_ref idref="fl-16f"/>
      </object_component>
      <object_component id="oc-754">
         <name>.text:sl_SendTo</name>
         <load_address>0x20010b08</load_address>
         <run_address>0x20010b08</run_address>
         <size>0x128</size>
         <input_file_ref idref="fl-174"/>
      </object_component>
      <object_component id="oc-543">
         <name>.text:_SlDrvMsgReadCmdCtx</name>
         <load_address>0x20010c30</load_address>
         <run_address>0x20010c30</run_address>
         <size>0x120</size>
         <input_file_ref idref="fl-171"/>
      </object_component>
      <object_component id="oc-75a">
         <name>.text:sl_RecvFrom</name>
         <load_address>0x20010d50</load_address>
         <run_address>0x20010d50</run_address>
         <size>0x120</size>
         <input_file_ref idref="fl-174"/>
      </object_component>
      <object_component id="oc-1b6">
         <name>.text</name>
         <load_address>0x20010e70</load_address>
         <run_address>0x20010e70</run_address>
         <size>0x11c</size>
         <input_file_ref idref="fl-8"/>
      </object_component>
      <object_component id="oc-470">
         <name>.text:_SlDrvDriverCBDeinit</name>
         <load_address>0x20010f8c</load_address>
         <run_address>0x20010f8c</run_address>
         <size>0x118</size>
         <input_file_ref idref="fl-171"/>
      </object_component>
      <object_component id="oc-724">
         <name>.text:sl_Send</name>
         <load_address>0x200110a4</load_address>
         <run_address>0x200110a4</run_address>
         <size>0x118</size>
         <input_file_ref idref="fl-174"/>
      </object_component>
      <object_component id="oc-38">
         <name>.text</name>
         <load_address>0x200111bc</load_address>
         <run_address>0x200111bc</run_address>
         <size>0x110</size>
         <input_file_ref idref="fl-16a"/>
      </object_component>
      <object_component id="oc-7b8">
         <name>.text</name>
         <load_address>0x200112cc</load_address>
         <run_address>0x200112cc</run_address>
         <size>0x110</size>
         <input_file_ref idref="fl-160"/>
      </object_component>
      <object_component id="oc-8c2">
         <name>.text:_SlDrvNetAppEventHandler</name>
         <load_address>0x200113dc</load_address>
         <run_address>0x200113dc</run_address>
         <size>0x104</size>
         <input_file_ref idref="fl-172"/>
      </object_component>
      <object_component id="oc-65b">
         <name>.text</name>
         <load_address>0x200114e0</load_address>
         <run_address>0x200114e0</run_address>
         <size>0xfc</size>
         <input_file_ref idref="fl-155"/>
      </object_component>
      <object_component id="oc-94d">
         <name>.text:uDMAChannelTransferSet</name>
         <load_address>0x200115dc</load_address>
         <run_address>0x200115dc</run_address>
         <size>0xf0</size>
         <input_file_ref idref="fl-183"/>
      </object_component>
      <object_component id="oc-6d8">
         <name>.text:_SlAsyncEventGenericHandler</name>
         <load_address>0x200116cc</load_address>
         <run_address>0x200116cc</run_address>
         <size>0xe8</size>
         <input_file_ref idref="fl-171"/>
      </object_component>
      <object_component id="oc-202">
         <name>.text:sl_Stop</name>
         <load_address>0x200117b4</load_address>
         <run_address>0x200117b4</run_address>
         <size>0xe4</size>
         <input_file_ref idref="fl-170"/>
      </object_component>
      <object_component id="oc-1f6">
         <name>.text:sl_Start</name>
         <load_address>0x20011898</load_address>
         <run_address>0x20011898</run_address>
         <size>0xe0</size>
         <input_file_ref idref="fl-170"/>
      </object_component>
      <object_component id="oc-809">
         <name>.text:_SlDrvClassifyRxMsg</name>
         <load_address>0x20011978</load_address>
         <run_address>0x20011978</run_address>
         <size>0xdc</size>
         <input_file_ref idref="fl-171"/>
      </object_component>
      <object_component id="oc-80f">
         <name>.text:spi_Read</name>
         <load_address>0x20011a54</load_address>
         <run_address>0x20011a54</run_address>
         <size>0xdc</size>
         <input_file_ref idref="fl-176"/>
      </object_component>
      <object_component id="oc-628">
         <name>.text:_SlDrvMsgReadSpawnCtx</name>
         <load_address>0x20011b30</load_address>
         <run_address>0x20011b30</run_address>
         <size>0xd4</size>
         <input_file_ref idref="fl-171"/>
      </object_component>
      <object_component id="oc-962">
         <name>.text:_sl_HandleAsync_DnsGetHostByService</name>
         <load_address>0x20011c04</load_address>
         <run_address>0x20011c04</run_address>
         <size>0xcc</size>
         <input_file_ref idref="fl-172"/>
      </object_component>
      <object_component id="oc-493">
         <name>.text:sl_NetAppMDNSRegisterUnregisterService</name>
         <load_address>0x20011cd0</load_address>
         <run_address>0x20011cd0</run_address>
         <size>0xc8</size>
         <input_file_ref idref="fl-172"/>
      </object_component>
      <object_component id="oc-612">
         <name>.text:_SlRemoveFromList</name>
         <load_address>0x20011d98</load_address>
         <run_address>0x20011d98</run_address>
         <size>0xc4</size>
         <input_file_ref idref="fl-171"/>
      </object_component>
      <object_component id="oc-38f">
         <name>.text:_SlDrvCmdOp</name>
         <load_address>0x20011e5c</load_address>
         <run_address>0x20011e5c</run_address>
         <size>0xc0</size>
         <input_file_ref idref="fl-171"/>
      </object_component>
      <object_component id="oc-243">
         <name>.text:sl_NetCfgGet</name>
         <load_address>0x20011f1c</load_address>
         <run_address>0x20011f1c</run_address>
         <size>0xc0</size>
         <input_file_ref idref="fl-173"/>
      </object_component>
      <object_component id="oc-884">
         <name>.text</name>
         <load_address>0x20011fdc</load_address>
         <run_address>0x20011fdc</run_address>
         <size>0xbe</size>
         <input_file_ref idref="fl-168"/>
      </object_component>
      <object_component id="oc-33">
         <name>.text</name>
         <load_address>0x2001209c</load_address>
         <run_address>0x2001209c</run_address>
         <size>0xba</size>
         <input_file_ref idref="fl-16b"/>
      </object_component>
      <object_component id="oc-208">
         <name>.text:sl_DevGet</name>
         <load_address>0x20012158</load_address>
         <run_address>0x20012158</run_address>
         <size>0xb4</size>
         <input_file_ref idref="fl-170"/>
      </object_component>
      <object_component id="oc-2d1">
         <name>.text:IntDisable</name>
         <load_address>0x2001220c</load_address>
         <run_address>0x2001220c</run_address>
         <size>0xa8</size>
         <input_file_ref idref="fl-17d"/>
      </object_component>
      <object_component id="oc-184">
         <name>.text:IntEnable</name>
         <load_address>0x200122b4</load_address>
         <run_address>0x200122b4</run_address>
         <size>0xa8</size>
         <input_file_ref idref="fl-17d"/>
      </object_component>
      <object_component id="oc-5bb">
         <name>.text:SPIConfigSetExpClk</name>
         <load_address>0x2001235c</load_address>
         <run_address>0x2001235c</run_address>
         <size>0xa0</size>
         <input_file_ref idref="fl-180"/>
      </object_component>
      <object_component id="oc-60b">
         <name>.text:_SlDriverHandleError</name>
         <load_address>0x200123fc</load_address>
         <run_address>0x200123fc</run_address>
         <size>0xa0</size>
         <input_file_ref idref="fl-171"/>
      </object_component>
      <object_component id="oc-41">
         <name>.text</name>
         <load_address>0x2001249c</load_address>
         <run_address>0x2001249c</run_address>
         <size>0x9c</size>
         <input_file_ref idref="fl-13c"/>
      </object_component>
      <object_component id="oc-70c">
         <name>.text:sl_Bind</name>
         <load_address>0x20012538</load_address>
         <run_address>0x20012538</run_address>
         <size>0x9c</size>
         <input_file_ref idref="fl-174"/>
      </object_component>
      <object_component id="oc-7ef">
         <name>.text:_SlDrvDeviceEventHandler</name>
         <load_address>0x200125d4</load_address>
         <run_address>0x200125d4</run_address>
         <size>0x9a</size>
         <input_file_ref idref="fl-170"/>
      </object_component>
      <object_component id="oc-28b">
         <name>.text:PRCMPeripheralClockGet</name>
         <load_address>0x20012670</load_address>
         <run_address>0x20012670</run_address>
         <size>0x94</size>
         <input_file_ref idref="fl-17f"/>
      </object_component>
      <object_component id="oc-95c">
         <name>.text:_sl_HandleAsync_DnsGetHostByName</name>
         <load_address>0x20012704</load_address>
         <run_address>0x20012704</run_address>
         <size>0x90</size>
         <input_file_ref idref="fl-172"/>
      </object_component>
      <object_component id="oc-8c8">
         <name>.text:_sl_HandleAsync_PingResponse</name>
         <load_address>0x20012794</load_address>
         <run_address>0x20012794</run_address>
         <size>0x90</size>
         <input_file_ref idref="fl-172"/>
      </object_component>
      <object_component id="oc-8cf">
         <name>.text:SetupDMAReceive</name>
         <load_address>0x20012824</load_address>
         <run_address>0x20012824</run_address>
         <size>0x8c</size>
         <input_file_ref idref="fl-176"/>
      </object_component>
      <object_component id="oc-7d6">
         <name>.text:SetupDMASend</name>
         <load_address>0x200128b0</load_address>
         <run_address>0x200128b0</run_address>
         <size>0x8c</size>
         <input_file_ref idref="fl-176"/>
      </object_component>
      <object_component id="oc-6c8">
         <name>.text:spi_Write</name>
         <load_address>0x2001293c</load_address>
         <run_address>0x2001293c</run_address>
         <size>0x8c</size>
         <input_file_ref idref="fl-176"/>
      </object_component>
      <object_component id="oc-595">
         <name>.text:PinConfigSet</name>
         <load_address>0x200129c8</load_address>
         <run_address>0x200129c8</run_address>
         <size>0x88</size>
         <input_file_ref idref="fl-17e"/>
      </object_component>
      <object_component id="oc-29d">
         <name>.text</name>
         <load_address>0x20012a50</load_address>
         <run_address>0x20012a50</run_address>
         <size>0x88</size>
         <input_file_ref idref="fl-14a"/>
      </object_component>
      <object_component id="oc-72a">
         <name>.text:sl_Recv</name>
         <load_address>0x20012ad8</load_address>
         <run_address>0x20012ad8</run_address>
         <size>0x88</size>
         <input_file_ref idref="fl-174"/>
      </object_component>
      <object_component id="oc-656">
         <name>.text:__aeabi_cdcmple</name>
         <load_address>0x20012b60</load_address>
         <run_address>0x20012b60</run_address>
         <size>0x86</size>
         <input_file_ref idref="fl-153"/>
      </object_component>
      <object_component id="oc-665">
         <name>.text:__aeabi_cdrcmple</name>
         <load_address>0x20012be6</load_address>
         <run_address>0x20012be6</run_address>
         <size>0x86</size>
         <input_file_ref idref="fl-153"/>
      </object_component>
      <object_component id="oc-2ee">
         <name>.text:GPIOIntTypeSet</name>
         <load_address>0x20012c6c</load_address>
         <run_address>0x20012c6c</run_address>
         <size>0x82</size>
         <input_file_ref idref="fl-17c"/>
      </object_component>
      <object_component id="oc-984">
         <name>.text:_sl_HandleAsync_Connect</name>
         <load_address>0x20012cf0</load_address>
         <run_address>0x20012cf0</run_address>
         <size>0x80</size>
         <input_file_ref idref="fl-174"/>
      </object_component>
      <object_component id="oc-8b2">
         <name>.text:_sl_HandleAsync_InitComplete</name>
         <load_address>0x20012d70</load_address>
         <run_address>0x20012d70</run_address>
         <size>0x80</size>
         <input_file_ref idref="fl-170"/>
      </object_component>
      <object_component id="oc-8d5">
         <name>.text:spi_Read_CPU</name>
         <load_address>0x20012df0</load_address>
         <run_address>0x20012df0</run_address>
         <size>0x80</size>
         <input_file_ref idref="fl-176"/>
      </object_component>
      <object_component id="oc-7e8">
         <name>.text:spi_Write_CPU</name>
         <load_address>0x20012e70</load_address>
         <run_address>0x20012e70</run_address>
         <size>0x80</size>
         <input_file_ref idref="fl-176"/>
      </object_component>
      <object_component id="oc-84f">
         <name>.text:PRCMRTCGet</name>
         <load_address>0x20012ef0</load_address>
         <run_address>0x20012ef0</run_address>
         <size>0x7c</size>
         <input_file_ref idref="fl-17f"/>
      </object_component>
      <object_component id="oc-21a">
         <name>.text:sl_NetCfgSet</name>
         <load_address>0x20012f6c</load_address>
         <run_address>0x20012f6c</run_address>
         <size>0x7c</size>
         <input_file_ref idref="fl-173"/>
      </object_component>
      <object_component id="oc-6f4">
         <name>.text:sl_SetSockOpt</name>
         <load_address>0x20012fe8</load_address>
         <run_address>0x20012fe8</run_address>
         <size>0x7c</size>
         <input_file_ref idref="fl-174"/>
      </object_component>
      <object_component id="oc-220">
         <name>.text:sl_WlanSet</name>
         <load_address>0x20013064</load_address>
         <run_address>0x20013064</run_address>
         <size>0x7c</size>
         <input_file_ref idref="fl-175"/>
      </object_component>
      <object_component id="oc-5a">
         <name>.text</name>
         <load_address>0x200130e0</load_address>
         <run_address>0x200130e0</run_address>
         <size>0x7a</size>
         <input_file_ref idref="fl-13f"/>
      </object_component>
      <object_component id="oc-19a">
         <name>.text:sl_WlanPolicySet</name>
         <load_address>0x2001315c</load_address>
         <run_address>0x2001315c</run_address>
         <size>0x78</size>
         <input_file_ref idref="fl-175"/>
      </object_component>
      <object_component id="oc-46a">
         <name>.text:spi_Close</name>
         <load_address>0x200131d4</load_address>
         <run_address>0x200131d4</run_address>
         <size>0x78</size>
         <input_file_ref idref="fl-176"/>
      </object_component>
      <object_component id="oc-291">
         <name>.text:UARTConfigSetExpClk</name>
         <load_address>0x2001324c</load_address>
         <run_address>0x2001324c</run_address>
         <size>0x76</size>
         <input_file_ref idref="fl-182"/>
      </object_component>
      <object_component id="oc-6ee">
         <name>.text:sl_Socket</name>
         <load_address>0x200132c4</load_address>
         <run_address>0x200132c4</run_address>
         <size>0x70</size>
         <input_file_ref idref="fl-174"/>
      </object_component>
      <object_component id="oc-9c2">
         <name>.text:_SlDrvCmdSend</name>
         <load_address>0x20013334</load_address>
         <run_address>0x20013334</run_address>
         <size>0x6c</size>
         <input_file_ref idref="fl-171"/>
      </object_component>
      <object_component id="oc-96e">
         <name>.text:_sl_NetAppSendTokenValue</name>
         <load_address>0x200133a0</load_address>
         <run_address>0x200133a0</run_address>
         <size>0x6c</size>
         <input_file_ref idref="fl-172"/>
      </object_component>
      <object_component id="oc-6c">
         <name>.text</name>
         <load_address>0x2001340c</load_address>
         <run_address>0x2001340c</run_address>
         <size>0x6c</size>
         <input_file_ref idref="fl-14f"/>
      </object_component>
      <object_component id="oc-232">
         <name>.text:sl_WlanRxFilterSet</name>
         <load_address>0x20013478</load_address>
         <run_address>0x20013478</run_address>
         <size>0x6c</size>
         <input_file_ref idref="fl-175"/>
      </object_component>
      <object_component id="oc-4d">
         <name>.text</name>
         <load_address>0x200134e4</load_address>
         <run_address>0x200134e4</run_address>
         <size>0x6a</size>
         <input_file_ref idref="fl-138"/>
      </object_component>
      <object_component id="oc-345">
         <name>.text:TimerIntUnregister</name>
         <load_address>0x20013550</load_address>
         <run_address>0x20013550</run_address>
         <size>0x68</size>
         <input_file_ref idref="fl-181"/>
      </object_component>
      <object_component id="oc-7b0">
         <name>.text</name>
         <load_address>0x200135b8</load_address>
         <run_address>0x200135b8</run_address>
         <size>0x66</size>
         <input_file_ref idref="fl-161"/>
      </object_component>
      <object_component id="oc-97e">
         <name>.text:_sl_HandleAsync_Accept</name>
         <load_address>0x20013620</load_address>
         <run_address>0x20013620</run_address>
         <size>0x64</size>
         <input_file_ref idref="fl-174"/>
      </object_component>
      <object_component id="oc-777">
         <name>.text:uDMAChannelAttributeDisable</name>
         <load_address>0x20013684</load_address>
         <run_address>0x20013684</run_address>
         <size>0x64</size>
         <input_file_ref idref="fl-183"/>
      </object_component>
      <object_component id="oc-947">
         <name>.text:uDMAChannelAttributeEnable</name>
         <load_address>0x200136e8</load_address>
         <run_address>0x200136e8</run_address>
         <size>0x64</size>
         <input_file_ref idref="fl-183"/>
      </object_component>
      <object_component id="oc-3b9">
         <name>.text:IntPendClear</name>
         <load_address>0x2001374c</load_address>
         <run_address>0x2001374c</run_address>
         <size>0x58</size>
         <input_file_ref idref="fl-17d"/>
      </object_component>
      <object_component id="oc-315">
         <name>.text:PRCMPeripheralReset</name>
         <load_address>0x200137a4</load_address>
         <run_address>0x200137a4</run_address>
         <size>0x58</size>
         <input_file_ref idref="fl-17f"/>
      </object_component>
      <object_component id="oc-66f">
         <name>.text</name>
         <load_address>0x200137fc</load_address>
         <run_address>0x200137fc</run_address>
         <size>0x56</size>
         <input_file_ref idref="fl-15a"/>
      </object_component>
      <object_component id="oc-2cb">
         <name>.text:IntPrioritySet</name>
         <load_address>0x20013854</load_address>
         <run_address>0x20013854</run_address>
         <size>0x54</size>
         <input_file_ref idref="fl-17d"/>
      </object_component>
      <object_component id="oc-98a">
         <name>.text:_sl_HandleAsync_Select</name>
         <load_address>0x200138a8</load_address>
         <run_address>0x200138a8</run_address>
         <size>0x54</size>
         <input_file_ref idref="fl-174"/>
      </object_component>
      <object_component id="oc-908">
         <name>.text:PRCMSlowClkCtrGet</name>
         <load_address>0x200138fc</load_address>
         <run_address>0x200138fc</run_address>
         <size>0x50</size>
         <input_file_ref idref="fl-17f"/>
      </object_component>
      <object_component id="oc-45c">
         <name>.text:_SlDrvRxIrqHandler</name>
         <load_address>0x2001394c</load_address>
         <run_address>0x2001394c</run_address>
         <size>0x50</size>
         <input_file_ref idref="fl-171"/>
      </object_component>
      <object_component id="oc-8b8">
         <name>.text:_sl_HandleAsync_Stop</name>
         <load_address>0x2001399c</load_address>
         <run_address>0x2001399c</run_address>
         <size>0x50</size>
         <input_file_ref idref="fl-170"/>
      </object_component>
      <object_component id="oc-730">
         <name>.text:sl_Listen</name>
         <load_address>0x200139ec</load_address>
         <run_address>0x200139ec</run_address>
         <size>0x50</size>
         <input_file_ref idref="fl-174"/>
      </object_component>
      <object_component id="oc-5df">
         <name>.text:SPIIntEnable</name>
         <load_address>0x20013a3c</load_address>
         <run_address>0x20013a3c</run_address>
         <size>0x4c</size>
         <input_file_ref idref="fl-180"/>
      </object_component>
      <object_component id="oc-42f">
         <name>.text:_SlDrvProtectAsyncRespSetting</name>
         <load_address>0x20013a88</load_address>
         <run_address>0x20013a88</run_address>
         <size>0x4c</size>
         <input_file_ref idref="fl-171"/>
      </object_component>
      <object_component id="oc-840">
         <name>.text:_sl_BuildAddress</name>
         <load_address>0x20013ad4</load_address>
         <run_address>0x20013ad4</run_address>
         <size>0x4c</size>
         <input_file_ref idref="fl-174"/>
      </object_component>
      <object_component id="oc-697">
         <name>.text</name>
         <load_address>0x20013b20</load_address>
         <run_address>0x20013b20</run_address>
         <size>0x4c</size>
         <input_file_ref idref="fl-14e"/>
      </object_component>
      <object_component id="oc-bb">
         <name>.text</name>
         <load_address>0x20013b6c</load_address>
         <run_address>0x20013b6c</run_address>
         <size>0x4c</size>
         <input_file_ref idref="fl-150"/>
      </object_component>
      <object_component id="oc-771">
         <name>.text:uDMAChannelAssign</name>
         <load_address>0x20013bb8</load_address>
         <run_address>0x20013bb8</run_address>
         <size>0x4c</size>
         <input_file_ref idref="fl-183"/>
      </object_component>
      <object_component id="oc-78d">
         <name>.text:SPIIntClear</name>
         <load_address>0x20013c04</load_address>
         <run_address>0x20013c04</run_address>
         <size>0x48</size>
         <input_file_ref idref="fl-180"/>
      </object_component>
      <object_component id="oc-481">
         <name>.text:_SlDrvBasicCmd</name>
         <load_address>0x20013c4c</load_address>
         <run_address>0x20013c4c</run_address>
         <size>0x48</size>
         <input_file_ref idref="fl-171"/>
      </object_component>
      <object_component id="oc-66a">
         <name>.text</name>
         <load_address>0x20013c94</load_address>
         <run_address>0x20013c94</run_address>
         <size>0x48</size>
         <input_file_ref idref="fl-156"/>
      </object_component>
      <object_component id="oc-226">
         <name>.text:sl_NetAppMDNSUnRegisterService</name>
         <load_address>0x20013cdc</load_address>
         <run_address>0x20013cdc</run_address>
         <size>0x48</size>
         <input_file_ref idref="fl-172"/>
      </object_component>
      <object_component id="oc-685">
         <name>.text</name>
         <load_address>0x20013d24</load_address>
         <run_address>0x20013d24</run_address>
         <size>0x46</size>
         <input_file_ref idref="fl-159"/>
      </object_component>
      <object_component id="oc-781">
         <name>.text:SPIDmaMaskGet</name>
         <load_address>0x20013d6c</load_address>
         <run_address>0x20013d6c</run_address>
         <size>0x44</size>
         <input_file_ref idref="fl-180"/>
      </object_component>
      <object_component id="oc-31b">
         <name>.text:TimerConfigure</name>
         <load_address>0x20013db0</load_address>
         <run_address>0x20013db0</run_address>
         <size>0x44</size>
         <input_file_ref idref="fl-181"/>
      </object_component>
      <object_component id="oc-9bb">
         <name>.text:_SlDrvHandleHttpServerEvents</name>
         <load_address>0x20013df4</load_address>
         <run_address>0x20013df4</run_address>
         <size>0x44</size>
         <input_file_ref idref="fl-171"/>
      </object_component>
      <object_component id="oc-8a8">
         <name>.text:cc_SetupTransfer</name>
         <load_address>0x20013e38</load_address>
         <run_address>0x20013e38</run_address>
         <size>0x44</size>
         <input_file_ref idref="fl-176"/>
      </object_component>
      <object_component id="oc-78">
         <name>.text</name>
         <load_address>0x20013e7c</load_address>
         <run_address>0x20013e7c</run_address>
         <size>0x44</size>
         <input_file_ref idref="fl-13a"/>
      </object_component>
      <object_component id="oc-6fa">
         <name>.text:sl_Close</name>
         <load_address>0x20013ec0</load_address>
         <run_address>0x20013ec0</run_address>
         <size>0x44</size>
         <input_file_ref idref="fl-174"/>
      </object_component>
      <object_component id="oc-20e">
         <name>.text:sl_WlanProfileDel</name>
         <load_address>0x20013f04</load_address>
         <run_address>0x20013f04</run_address>
         <size>0x44</size>
         <input_file_ref idref="fl-175"/>
      </object_component>
      <object_component id="oc-1fc">
         <name>.text:sl_WlanSetMode</name>
         <load_address>0x20013f48</load_address>
         <run_address>0x20013f48</run_address>
         <size>0x44</size>
         <input_file_ref idref="fl-175"/>
      </object_component>
      <object_component id="oc-712">
         <name>.text:sl_Htonl</name>
         <load_address>0x20013f8c</load_address>
         <run_address>0x20013f8c</run_address>
         <size>0x42</size>
         <input_file_ref idref="fl-174"/>
      </object_component>
      <object_component id="oc-59b">
         <name>.text:PinModeSet</name>
         <load_address>0x20013fd0</load_address>
         <run_address>0x20013fd0</run_address>
         <size>0x40</size>
         <input_file_ref idref="fl-17e"/>
      </object_component>
      <object_component id="oc-7fb">
         <name>.text:_SlDrvHandleNetAppEvents</name>
         <load_address>0x20014010</load_address>
         <run_address>0x20014010</run_address>
         <size>0x40</size>
         <input_file_ref idref="fl-171"/>
      </object_component>
      <object_component id="oc-7f5">
         <name>.text:_SlDrvHandleWlanEvents</name>
         <load_address>0x20014050</load_address>
         <run_address>0x20014050</run_address>
         <size>0x40</size>
         <input_file_ref idref="fl-171"/>
      </object_component>
      <object_component id="oc-447">
         <name>.text:_SlDrvSyncObjWaitTimeout</name>
         <load_address>0x20014090</load_address>
         <run_address>0x20014090</run_address>
         <size>0x40</size>
         <input_file_ref idref="fl-171"/>
      </object_component>
      <object_component id="oc-856">
         <name>.text:_sl_TruncatePayloadByProtocol</name>
         <load_address>0x200140d0</load_address>
         <run_address>0x200140d0</run_address>
         <size>0x40</size>
         <input_file_ref idref="fl-174"/>
      </object_component>
      <object_component id="oc-9a3">
         <name>.text</name>
         <load_address>0x20014110</load_address>
         <run_address>0x20014110</run_address>
         <size>0x40</size>
         <input_file_ref idref="fl-167"/>
      </object_component>
      <object_component id="oc-700">
         <name>.text</name>
         <load_address>0x20014150</load_address>
         <run_address>0x20014150</run_address>
         <size>0x40</size>
         <input_file_ref idref="fl-148"/>
      </object_component>
      <object_component id="oc-975">
         <name>.text:CopyPingResultsToReport</name>
         <load_address>0x20014190</load_address>
         <run_address>0x20014190</run_address>
         <size>0x3c</size>
         <input_file_ref idref="fl-172"/>
      </object_component>
      <object_component id="oc-30f">
         <name>.text:PRCMPeripheralClkEnable</name>
         <load_address>0x200141cc</load_address>
         <run_address>0x200141cc</run_address>
         <size>0x3c</size>
         <input_file_ref idref="fl-17f"/>
      </object_component>
      <object_component id="oc-24">
         <name>.text</name>
         <load_address>0x20014208</load_address>
         <run_address>0x20014208</run_address>
         <size>0x3c</size>
         <input_file_ref idref="fl-136"/>
      </object_component>
      <object_component id="oc-706">
         <name>.text:sl_Htons</name>
         <load_address>0x20014244</load_address>
         <run_address>0x20014244</run_address>
         <size>0x3c</size>
         <input_file_ref idref="fl-174"/>
      </object_component>
      <object_component id="oc-941">
         <name>.text:uDMAChannelControlSet</name>
         <load_address>0x20014280</load_address>
         <run_address>0x20014280</run_address>
         <size>0x3c</size>
         <input_file_ref idref="fl-183"/>
      </object_component>
      <object_component id="oc-435">
         <name>.text:NwpPowerOff</name>
         <load_address>0x200142bc</load_address>
         <run_address>0x200142bc</run_address>
         <size>0x38</size>
         <input_file_ref idref="fl-176"/>
      </object_component>
      <object_component id="oc-f8">
         <name>.text</name>
         <load_address>0x200142f4</load_address>
         <run_address>0x200142f4</run_address>
         <size>0x38</size>
         <input_file_ref idref="fl-16e"/>
      </object_component>
      <object_component id="oc-406">
         <name>.text:GPIODirModeSet</name>
         <load_address>0x2001432c</load_address>
         <run_address>0x2001432c</run_address>
         <size>0x36</size>
         <input_file_ref idref="fl-17c"/>
      </object_component>
      <object_component id="oc-5c1">
         <name>.text:PRCMPeripheralStatusGet</name>
         <load_address>0x20014364</load_address>
         <run_address>0x20014364</run_address>
         <size>0x34</size>
         <input_file_ref idref="fl-17f"/>
      </object_component>
      <object_component id="oc-5d9">
         <name>.text:SPIFIFOLevelSet</name>
         <load_address>0x20014398</load_address>
         <run_address>0x20014398</run_address>
         <size>0x34</size>
         <input_file_ref idref="fl-180"/>
      </object_component>
      <object_component id="oc-893">
         <name>.text</name>
         <load_address>0x200143cc</load_address>
         <run_address>0x200143cc</run_address>
         <size>0x34</size>
         <input_file_ref idref="fl-165"/>
      </object_component>
      <object_component id="oc-400">
         <name>.text:PinTypeGPIO</name>
         <load_address>0x20014400</load_address>
         <run_address>0x20014400</run_address>
         <size>0x30</size>
         <input_file_ref idref="fl-17e"/>
      </object_component>
      <object_component id="oc-4ce">
         <name>.text:UARTDisable</name>
         <load_address>0x20014430</load_address>
         <run_address>0x20014430</run_address>
         <size>0x30</size>
         <input_file_ref idref="fl-182"/>
      </object_component>
      <object_component id="oc-130">
         <name>.text</name>
         <load_address>0x20014460</load_address>
         <run_address>0x20014460</run_address>
         <size>0x30</size>
         <input_file_ref idref="fl-147"/>
      </object_component>
      <object_component id="oc-7be">
         <name>.text</name>
         <load_address>0x20014490</load_address>
         <run_address>0x20014490</run_address>
         <size>0x30</size>
         <input_file_ref idref="fl-162"/>
      </object_component>
      <object_component id="oc-675">
         <name>.text</name>
         <load_address>0x200144c0</load_address>
         <run_address>0x200144c0</run_address>
         <size>0x2e</size>
         <input_file_ref idref="fl-158"/>
      </object_component>
      <object_component id="oc-933">
         <name>.text</name>
         <load_address>0x200144ee</load_address>
         <run_address>0x200144ee</run_address>
         <size>0x2e</size>
         <input_file_ref idref="fl-166"/>
      </object_component>
      <object_component id="oc-5f1">
         <name>.text:DmaSpiSwIntHandler</name>
         <load_address>0x2001451c</load_address>
         <run_address>0x2001451c</run_address>
         <size>0x2c</size>
         <input_file_ref idref="fl-176"/>
      </object_component>
      <object_component id="oc-35f">
         <name>.text:PRCMSysResetCauseGet</name>
         <load_address>0x20014548</load_address>
         <run_address>0x20014548</run_address>
         <size>0x2c</size>
         <input_file_ref idref="fl-17f"/>
      </object_component>
      <object_component id="oc-32d">
         <name>.text:TimerLoadSet</name>
         <load_address>0x20014574</load_address>
         <run_address>0x20014574</run_address>
         <size>0x2a</size>
         <input_file_ref idref="fl-181"/>
      </object_component>
      <object_component id="oc-321">
         <name>.text:TimerPrescaleSet</name>
         <load_address>0x2001459e</load_address>
         <run_address>0x2001459e</run_address>
         <size>0x2a</size>
         <input_file_ref idref="fl-181"/>
      </object_component>
      <object_component id="oc-82e">
         <name>.text</name>
         <load_address>0x200145c8</load_address>
         <run_address>0x200145c8</run_address>
         <size>0x2a</size>
         <input_file_ref idref="fl-15d"/>
      </object_component>
      <object_component id="oc-68b">
         <name>.text</name>
         <load_address>0x200145f2</load_address>
         <run_address>0x200145f2</run_address>
         <size>0x2a</size>
         <input_file_ref idref="fl-15f"/>
      </object_component>
      <object_component id="oc-8f6">
         <name>.text:IsRTCUsed</name>
         <load_address>0x2001461c</load_address>
         <run_address>0x2001461c</run_address>
         <size>0x28</size>
         <input_file_ref idref="fl-17f"/>
      </object_component>
      <object_component id="oc-371">
         <name>.text:PRCMPeripheralClkDisable</name>
         <load_address>0x20014644</load_address>
         <run_address>0x20014644</run_address>
         <size>0x28</size>
         <input_file_ref idref="fl-17f"/>
      </object_component>
      <object_component id="oc-748">
         <name>.text:SL_FD_ISSET</name>
         <load_address>0x2001466c</load_address>
         <run_address>0x2001466c</run_address>
         <size>0x28</size>
         <input_file_ref idref="fl-174"/>
      </object_component>
      <object_component id="oc-531">
         <name>.text:_SlDrvObjGlobalLockWaitForever</name>
         <load_address>0x20014694</load_address>
         <run_address>0x20014694</run_address>
         <size>0x28</size>
         <input_file_ref idref="fl-171"/>
      </object_component>
      <object_component id="oc-4aa">
         <name>.text:_SlDrvProtectionObjLockWaitForever</name>
         <load_address>0x200146bc</load_address>
         <run_address>0x200146bc</run_address>
         <size>0x28</size>
         <input_file_ref idref="fl-171"/>
      </object_component>
      <object_component id="oc-43b">
         <name>.text:NwpRegisterInterruptHandler</name>
         <load_address>0x200146e4</load_address>
         <run_address>0x200146e4</run_address>
         <size>0x26</size>
         <input_file_ref idref="fl-176"/>
      </object_component>
      <object_component id="oc-620">
         <name>.text</name>
         <load_address>0x2001470a</load_address>
         <run_address>0x2001470a</run_address>
         <size>0x26</size>
         <input_file_ref idref="fl-6"/>
      </object_component>
      <object_component id="oc-136">
         <name>.text</name>
         <load_address>0x20014730</load_address>
         <run_address>0x20014730</run_address>
         <size>0x26</size>
         <input_file_ref idref="fl-146"/>
      </object_component>
      <object_component id="oc-2d7">
         <name>.text:IntUnregister</name>
         <load_address>0x20014758</load_address>
         <run_address>0x20014758</run_address>
         <size>0x24</size>
         <input_file_ref idref="fl-17d"/>
      </object_component>
      <object_component id="oc-902">
         <name>.text:RTCU16MSecRegRead</name>
         <load_address>0x2001477c</load_address>
         <run_address>0x2001477c</run_address>
         <size>0x24</size>
         <input_file_ref idref="fl-17f"/>
      </object_component>
      <object_component id="oc-8ef">
         <name>.text:RTCUseSet</name>
         <load_address>0x200147a0</load_address>
         <run_address>0x200147a0</run_address>
         <size>0x24</size>
         <input_file_ref idref="fl-17f"/>
      </object_component>
      <object_component id="oc-4d4">
         <name>.text:UARTEnable</name>
         <load_address>0x200147c4</load_address>
         <run_address>0x200147c4</run_address>
         <size>0x24</size>
         <input_file_ref idref="fl-182"/>
      </object_component>
      <object_component id="oc-537">
         <name>.text:_SlDrvGlobalObjUnLock</name>
         <load_address>0x200147e8</load_address>
         <run_address>0x200147e8</run_address>
         <size>0x24</size>
         <input_file_ref idref="fl-171"/>
      </object_component>
      <object_component id="oc-4b0">
         <name>.text:_SlDrvProtectionObjUnLock</name>
         <load_address>0x2001480c</load_address>
         <run_address>0x2001480c</run_address>
         <size>0x24</size>
         <input_file_ref idref="fl-171"/>
      </object_component>
      <object_component id="oc-4b6">
         <name>.text:_SlDrvSyncObjWaitForever</name>
         <load_address>0x20014830</load_address>
         <run_address>0x20014830</run_address>
         <size>0x24</size>
         <input_file_ref idref="fl-171"/>
      </object_component>
      <object_component id="oc-2af">
         <name>.text</name>
         <load_address>0x20014854</load_address>
         <run_address>0x20014854</run_address>
         <size>0x24</size>
         <input_file_ref idref="fl-13d"/>
      </object_component>
      <object_component id="oc-834">
         <name>.text</name>
         <load_address>0x20014878</load_address>
         <run_address>0x20014878</run_address>
         <size>0x24</size>
         <input_file_ref idref="fl-15c"/>
      </object_component>
      <object_component id="oc-3b3">
         <name>.text:GPIOIntStatus</name>
         <load_address>0x2001489c</load_address>
         <run_address>0x2001489c</run_address>
         <size>0x22</size>
         <input_file_ref idref="fl-17c"/>
      </object_component>
      <object_component id="oc-73c">
         <name>.text:SL_FD_SET</name>
         <load_address>0x200148be</load_address>
         <run_address>0x200148be</run_address>
         <size>0x22</size>
         <input_file_ref idref="fl-174"/>
      </object_component>
      <object_component id="oc-5b5">
         <name>.text:SPIReset</name>
         <load_address>0x200148e0</load_address>
         <run_address>0x200148e0</run_address>
         <size>0x22</size>
         <input_file_ref idref="fl-180"/>
      </object_component>
      <object_component id="oc-7e2">
         <name>.text:SPIWordCountSet</name>
         <load_address>0x20014902</load_address>
         <run_address>0x20014902</run_address>
         <size>0x22</size>
         <input_file_ref idref="fl-180"/>
      </object_component>
      <object_component id="oc-913">
         <name>.text:_SlDrvObjLockWaitForever</name>
         <load_address>0x20014924</load_address>
         <run_address>0x20014924</run_address>
         <size>0x22</size>
         <input_file_ref idref="fl-171"/>
      </object_component>
      <object_component id="oc-67f">
         <name>.text</name>
         <load_address>0x20014946</load_address>
         <run_address>0x20014946</run_address>
         <size>0x22</size>
         <input_file_ref idref="fl-157"/>
      </object_component>
      <object_component id="oc-154">
         <name>.text:GPIOPinWrite</name>
         <load_address>0x20014968</load_address>
         <run_address>0x20014968</run_address>
         <size>0x20</size>
         <input_file_ref idref="fl-17c"/>
      </object_component>
      <object_component id="oc-2c5">
         <name>.text:IntRegister</name>
         <load_address>0x20014988</load_address>
         <run_address>0x20014988</run_address>
         <size>0x20</size>
         <input_file_ref idref="fl-17d"/>
      </object_component>
      <object_component id="oc-441">
         <name>.text:NwpPowerOn</name>
         <load_address>0x200149a8</load_address>
         <run_address>0x200149a8</run_address>
         <size>0x20</size>
         <input_file_ref idref="fl-176"/>
      </object_component>
      <object_component id="oc-71e">
         <name>.text</name>
         <load_address>0x200149c8</load_address>
         <run_address>0x200149c8</run_address>
         <size>0x20</size>
         <input_file_ref idref="fl-179"/>
      </object_component>
      <object_component id="oc-214">
         <name>.text:sl_WlanDisconnect</name>
         <load_address>0x200149e8</load_address>
         <run_address>0x200149e8</run_address>
         <size>0x20</size>
         <input_file_ref idref="fl-175"/>
      </object_component>
      <object_component id="oc-339">
         <name>.text:TimerDisable</name>
         <load_address>0x20014a08</load_address>
         <run_address>0x20014a08</run_address>
         <size>0x1e</size>
         <input_file_ref idref="fl-181"/>
      </object_component>
      <object_component id="oc-333">
         <name>.text:TimerEnable</name>
         <load_address>0x20014a26</load_address>
         <run_address>0x20014a26</run_address>
         <size>0x1e</size>
         <input_file_ref idref="fl-181"/>
      </object_component>
      <object_component id="oc-160">
         <name>.text:TimerIntStatus</name>
         <load_address>0x20014a44</load_address>
         <run_address>0x20014a44</run_address>
         <size>0x1e</size>
         <input_file_ref idref="fl-181"/>
      </object_component>
      <object_component id="oc-297">
         <name>.text:UARTCharPut</name>
         <load_address>0x20014a62</load_address>
         <run_address>0x20014a62</run_address>
         <size>0x1e</size>
         <input_file_ref idref="fl-182"/>
      </object_component>
      <object_component id="oc-919">
         <name>.text:_SlDrvObjUnLock</name>
         <load_address>0x20014a80</load_address>
         <run_address>0x20014a80</run_address>
         <size>0x1e</size>
         <input_file_ref idref="fl-171"/>
      </object_component>
      <object_component id="oc-618">
         <name>.text:_SlDrvSyncObjSignal</name>
         <load_address>0x20014a9e</load_address>
         <run_address>0x20014a9e</run_address>
         <size>0x1e</size>
         <input_file_ref idref="fl-171"/>
      </object_component>
      <object_component id="oc-5c7">
         <name>.text:cc_UDMAChannelSelect</name>
         <load_address>0x20014abc</load_address>
         <run_address>0x20014abc</run_address>
         <size>0x1e</size>
         <input_file_ref idref="fl-176"/>
      </object_component>
      <object_component id="oc-34b">
         <name>.text:TimerValueGet</name>
         <load_address>0x20014ada</load_address>
         <run_address>0x20014ada</run_address>
         <size>0x1c</size>
         <input_file_ref idref="fl-181"/>
      </object_component>
      <object_component id="oc-2a9">
         <name>.text:UARTCharGetNonBlocking</name>
         <load_address>0x20014af6</load_address>
         <run_address>0x20014af6</run_address>
         <size>0x1c</size>
         <input_file_ref idref="fl-182"/>
      </object_component>
      <object_component id="oc-691">
         <name>.text</name>
         <load_address>0x20014b12</load_address>
         <run_address>0x20014b12</run_address>
         <size>0x1c</size>
         <input_file_ref idref="fl-15b"/>
      </object_component>
      <object_component id="oc-953">
         <name>.text:uDMAChannelEnable</name>
         <load_address>0x20014b30</load_address>
         <run_address>0x20014b30</run_address>
         <size>0x1c</size>
         <input_file_ref idref="fl-183"/>
      </object_component>
      <object_component id="oc-3bf">
         <name>.text:GPIOIntDisable</name>
         <load_address>0x20014b4c</load_address>
         <run_address>0x20014b4c</run_address>
         <size>0x1a</size>
         <input_file_ref idref="fl-17c"/>
      </object_component>
      <object_component id="oc-2fa">
         <name>.text:GPIOIntEnable</name>
         <load_address>0x20014b66</load_address>
         <run_address>0x20014b66</run_address>
         <size>0x1a</size>
         <input_file_ref idref="fl-17c"/>
      </object_component>
      <object_component id="oc-40c">
         <name>.text:PinTypeUART</name>
         <load_address>0x20014b80</load_address>
         <run_address>0x20014b80</run_address>
         <size>0x1a</size>
         <input_file_ref idref="fl-17e"/>
      </object_component>
      <object_component id="oc-637">
         <name>.text:SPIDmaDisable</name>
         <load_address>0x20014b9a</load_address>
         <run_address>0x20014b9a</run_address>
         <size>0x1a</size>
         <input_file_ref idref="fl-180"/>
      </object_component>
      <object_component id="oc-5d3">
         <name>.text:SPIDmaEnable</name>
         <load_address>0x20014bb4</load_address>
         <run_address>0x20014bb4</run_address>
         <size>0x1a</size>
         <input_file_ref idref="fl-180"/>
      </object_component>
      <object_component id="oc-631">
         <name>.text:SPIFIFODisable</name>
         <load_address>0x20014bce</load_address>
         <run_address>0x20014bce</run_address>
         <size>0x1a</size>
         <input_file_ref idref="fl-180"/>
      </object_component>
      <object_component id="oc-5cd">
         <name>.text:SPIFIFOEnable</name>
         <load_address>0x20014be8</load_address>
         <run_address>0x20014be8</run_address>
         <size>0x1a</size>
         <input_file_ref idref="fl-180"/>
      </object_component>
      <object_component id="oc-300">
         <name>.text:GPIOPinRead</name>
         <load_address>0x20014c02</load_address>
         <run_address>0x20014c02</run_address>
         <size>0x18</size>
         <input_file_ref idref="fl-17c"/>
      </object_component>
      <object_component id="oc-5a9">
         <name>.text:SPICSDisable</name>
         <load_address>0x20014c1a</load_address>
         <run_address>0x20014c1a</run_address>
         <size>0x18</size>
         <input_file_ref idref="fl-180"/>
      </object_component>
      <object_component id="oc-7dc">
         <name>.text:SPICSEnable</name>
         <load_address>0x20014c32</load_address>
         <run_address>0x20014c32</run_address>
         <size>0x18</size>
         <input_file_ref idref="fl-180"/>
      </object_component>
      <object_component id="oc-5af">
         <name>.text:SPIDisable</name>
         <load_address>0x20014c4a</load_address>
         <run_address>0x20014c4a</run_address>
         <size>0x18</size>
         <input_file_ref idref="fl-180"/>
      </object_component>
      <object_component id="oc-5e5">
         <name>.text:SPIEnable</name>
         <load_address>0x20014c62</load_address>
         <run_address>0x20014c62</run_address>
         <size>0x18</size>
         <input_file_ref idref="fl-180"/>
[...]
         <value>0x20005495</value>
         <object_component_ref idref="oc-3ca"/>
      </symbol>
      <symbol id="sm-18ee">
         <name>mqtt_client_ctx_delete</name>
         <value>0x20006823</value>
         <object_component_ref idref="oc-3ca"/>
      </symbol>
      <symbol id="sm-18ef">
         <name>mqtt_disconn_send</name>
         <value>0x2000558f</value>
         <object_component_ref idref="oc-3ca"/>
      </symbol>
      <symbol id="sm-18f0">
         <name>mqtt_client_ctx_await_msg</name>
         <value>0x2000607d</value>
         <object_component_ref idref="oc-3ca"/>
      </symbol>
      <symbol id="sm-18f1">
         <name>mqp_client_alloc</name>
         <value>0x20006495</value>
         <object_component_ref idref="oc-3ca"/>
      </symbol>
      <symbol id="sm-18f2">
         <name>mqtt_client_ctx_info_register</name>
         <value>0x200065f5</value>
         <object_component_ref idref="oc-3ca"/>
      </symbol>
      <symbol id="sm-18f3">
         <name>mqtt_client_pub_dispatch</name>
         <value>0x20005223</value>
         <object_component_ref idref="oc-3ca"/>
      </symbol>
      <symbol id="sm-18f4">
         <name>mqtt_unsub_msg_send</name>
         <value>0x2000547f</value>
         <object_component_ref idref="oc-3ca"/>
      </symbol>
      <symbol id="sm-18f5">
         <name>mqtt_client_net_svc_register</name>
         <value>0x20006675</value>
         <object_component_ref idref="oc-3ca"/>
      </symbol>
      <symbol id="sm-18f6">
         <name>mqtt_client_ctx_run</name>
         <value>0x200060cf</value>
         <object_component_ref idref="oc-3ca"/>
      </symbol>
      <symbol id="sm-18f7">
         <name>mqtt_client_ctx_will_register</name>
         <value>0x2000656d</value>
         <object_component_ref idref="oc-3ca"/>
      </symbol>
      <symbol id="sm-18f8">
         <name>mqtt_connect_msg_send</name>
         <value>0x20005045</value>
         <object_component_ref idref="oc-3ca"/>
      </symbol>
      <symbol id="sm-18f9">
         <name>mqtt_sub_dispatch</name>
         <value>0x2000546b</value>
         <object_component_ref idref="oc-3ca"/>
      </symbol>
      <symbol id="sm-18fa">
         <name>mqtt_client_is_connected</name>
         <value>0x20004a49</value>
         <object_component_ref idref="oc-3ca"/>
      </symbol>
      <symbol id="sm-18fb">
         <name>mqtt_pingreq_send</name>
         <value>0x20005553</value>
         <object_component_ref idref="oc-3ca"/>
      </symbol>
      <symbol id="sm-18fc">
         <name>mqtt_client_ctx_create</name>
         <value>0x20006771</value>
         <object_component_ref idref="oc-3ca"/>
      </symbol>
      <symbol id="sm-18fd">
         <name>mqtt_client_send_progress</name>
         <value>0x20004c05</value>
         <object_component_ref idref="oc-3ca"/>
      </symbol>
      <symbol id="sm-18fe">
         <name>mqtt_sub_msg_send</name>
         <value>0x20005455</value>
         <object_component_ref idref="oc-3ca"/>
      </symbol>
      <symbol id="sm-18ff">
         <name>mqtt_client_new_msg_id</name>
         <value>0x20004a41</value>
         <object_component_ref idref="oc-3ca"/>
      </symbol>
      <symbol id="sm-1900">
         <name>mqtt_client_run</name>
         <value>0x200063f1</value>
         <object_component_ref idref="oc-3ca"/>
      </symbol>
      <symbol id="sm-1901">
         <name>mqtt_client_lib_exit</name>
         <value>0x20006905</value>
         <object_component_ref idref="oc-3ca"/>
      </symbol>
      <symbol id="sm-1902">
         <name>mqtt_client_buffers_register</name>
         <value>0x200064e9</value>
         <object_component_ref idref="oc-3ca"/>
      </symbol>
      <symbol id="sm-1986">
         <name>mqp_free</name>
         <value>0x2000c383</value>
         <object_component_ref idref="oc-565"/>
      </symbol>
      <symbol id="sm-1987">
         <name>qos2_pub_cq_unlog</name>
         <value>0x2000cacf</value>
         <object_component_ref idref="oc-565"/>
      </symbol>
      <symbol id="sm-1988">
         <name>mqp_ack_wlist_append</name>
         <value>0x2000c781</value>
         <object_component_ref idref="oc-565"/>
      </symbol>
      <symbol id="sm-1989">
         <name>cl_ctx_remove</name>
         <value>0x2000cc23</value>
         <object_component_ref idref="oc-565"/>
      </symbol>
      <symbol id="sm-198a">
         <name>mqp_init</name>
         <value>0x2000c3cf</value>
         <object_component_ref idref="oc-565"/>
      </symbol>
      <symbol id="sm-198b">
         <name>mqp_pub_append_data</name>
         <value>0x2000c5cd</value>
         <object_component_ref idref="oc-565"/>
      </symbol>
      <symbol id="sm-198c">
         <name>secure_conn_struct_init</name>
         <value>0x2000c859</value>
         <object_component_ref idref="oc-565"/>
      </symbol>
      <symbol id="sm-198d">
         <name>mqp_ack_wlist_remove</name>
         <value>0x2000c7b7</value>
         <object_component_ref idref="oc-565"/>
      </symbol>
      <symbol id="sm-198e">
         <name>mqp_buf_wr_utf8</name>
         <value>0x2000c429</value>
         <object_component_ref idref="oc-565"/>
      </symbol>
      <symbol id="sm-198f">
         <name>qos2_pub_cq_reset</name>
         <value>0x2000ca6f</value>
         <object_component_ref idref="oc-565"/>
      </symbol>
      <symbol id="sm-1990">
         <name>cl_ctx_timeout_insert</name>
         <value>0x2000cbb3</value>
         <object_component_ref idref="oc-565"/>
      </symbol>
      <symbol id="sm-1991">
         <name>mqp_buf_rd_remlen</name>
         <value>0x2000c50b</value>
         <object_component_ref idref="oc-565"/>
      </symbol>
      <symbol id="sm-1992">
         <name>mqp_prep_fh</name>
         <value>0x2000c879</value>
         <object_component_ref idref="oc-565"/>
      </symbol>
      <symbol id="sm-1993">
         <name>mqp_reset</name>
         <value>0x2000c3c3</value>
         <object_component_ref idref="oc-565"/>
      </symbol>
      <symbol id="sm-1994">
         <name>mqp_ack_wlist_purge</name>
         <value>0x2000c827</value>
         <object_component_ref idref="oc-565"/>
      </symbol>
      <symbol id="sm-1995">
         <name>mqp_buf_tail_wr_remlen</name>
         <value>0x2000c49b</value>
         <object_component_ref idref="oc-565"/>
      </symbol>
      <symbol id="sm-1996">
         <name>mqp_proc_pub_rx</name>
         <value>0x2000c6df</value>
         <object_component_ref idref="oc-565"/>
      </symbol>
      <symbol id="sm-1997">
         <name>mqp_recv</name>
         <value>0x2000c8ef</value>
         <object_component_ref idref="oc-565"/>
      </symbol>
      <symbol id="sm-1998">
         <name>cl_ctx_timeout_update</name>
         <value>0x2000cc79</value>
         <object_component_ref idref="oc-565"/>
      </symbol>
      <symbol id="sm-1999">
         <name>mqp_pub_append_topic</name>
         <value>0x2000c51b</value>
         <object_component_ref idref="oc-565"/>
      </symbol>
      <symbol id="sm-199a">
         <name>mqp_proc_msg_id_ack_rx</name>
         <value>0x2000c6a9</value>
         <object_component_ref idref="oc-565"/>
      </symbol>
      <symbol id="sm-199b">
         <name>mqp_proc_vh_msg_id_rx</name>
         <value>0x2000c69d</value>
         <object_component_ref idref="oc-565"/>
      </symbol>
      <symbol id="sm-199c">
         <name>qos2_pub_cq_logup</name>
         <value>0x2000ca91</value>
         <object_component_ref idref="oc-565"/>
      </symbol>
      <symbol id="sm-199d">
         <name>cl_ctx_reset</name>
         <value>0x2000cb83</value>
         <object_component_ref idref="oc-565"/>
      </symbol>
      <symbol id="sm-199e">
         <name>qos2_pub_cq_check</name>
         <value>0x2000cb13</value>
         <object_component_ref idref="oc-565"/>
      </symbol>
      <symbol id="sm-19ea">
         <name>GPIOIntDisable</name>
         <value>0x20014b4d</value>
         <object_component_ref idref="oc-3bf"/>
      </symbol>
      <symbol id="sm-19eb">
         <name>GPIOIntEnable</name>
         <value>0x20014b67</value>
         <object_component_ref idref="oc-2fa"/>
      </symbol>
      <symbol id="sm-19ec">
         <name>GPIOIntTypeSet</name>
         <value>0x20012c6d</value>
         <object_component_ref idref="oc-2ee"/>
      </symbol>
      <symbol id="sm-19ed">
         <name>GPIOIntClear</name>
         <value>0x20014d79</value>
         <object_component_ref idref="oc-2f4"/>
      </symbol>
      <symbol id="sm-19ee">
         <name>GPIOIntStatus</name>
         <value>0x2001489d</value>
         <object_component_ref idref="oc-3b3"/>
      </symbol>
      <symbol id="sm-19ef">
         <name>GPIOPinRead</name>
         <value>0x20014c03</value>
         <object_component_ref idref="oc-300"/>
      </symbol>
      <symbol id="sm-19f0">
         <name>GPIODirModeSet</name>
         <value>0x2001432d</value>
         <object_component_ref idref="oc-406"/>
      </symbol>
      <symbol id="sm-19f1">
         <name>GPIOPinWrite</name>
         <value>0x20014969</value>
         <object_component_ref idref="oc-154"/>
      </symbol>
      <symbol id="sm-1a77">
         <name>IntPendClear</name>
         <value>0x2001374d</value>
         <object_component_ref idref="oc-3b9"/>
      </symbol>
      <symbol id="sm-1a78">
         <name>IntPrioritySet</name>
         <value>0x20013855</value>
         <object_component_ref idref="oc-2cb"/>
      </symbol>
      <symbol id="sm-1a79">
         <name>IntVTableBaseSet</name>
         <value>0x20014d8d</value>
         <object_component_ref idref="oc-178"/>
      </symbol>
      <symbol id="sm-1a7a">
         <name>IntEnable</name>
         <value>0x200122b5</value>
         <object_component_ref idref="oc-184"/>
      </symbol>
      <symbol id="sm-1a7b">
         <name>IntDisable</name>
         <value>0x2001220d</value>
         <object_component_ref idref="oc-2d1"/>
      </symbol>
      <symbol id="sm-1a7c">
         <name>IntRegister</name>
         <value>0x20014989</value>
         <object_component_ref idref="oc-2c5"/>
      </symbol>
      <symbol id="sm-1a7d">
         <name>IntUnregister</name>
         <value>0x20014759</value>
         <object_component_ref idref="oc-2d7"/>
      </symbol>
      <symbol id="sm-1a7e">
         <name>IntMasterEnable</name>
         <value>0x20014e71</value>
         <object_component_ref idref="oc-17e"/>
      </symbol>
      <symbol id="sm-1ab5">
         <name>PinTypeUART</name>
         <value>0x20014b81</value>
         <object_component_ref idref="oc-40c"/>
      </symbol>
      <symbol id="sm-1ab6">
         <name>PinTypeGPIO</name>
         <value>0x20014401</value>
         <object_component_ref idref="oc-400"/>
      </symbol>
      <symbol id="sm-1ab7">
         <name>PinConfigSet</name>
         <value>0x200129c9</value>
         <object_component_ref idref="oc-595"/>
      </symbol>
      <symbol id="sm-1ab8">
         <name>PinModeSet</name>
         <value>0x20013fd1</value>
         <object_component_ref idref="oc-59b"/>
      </symbol>
      <symbol id="sm-1b96">
         <name>PRCMSlowClkCtrGet</name>
         <value>0x200138fd</value>
         <object_component_ref idref="oc-908"/>
      </symbol>
      <symbol id="sm-1b97">
         <name>PRCMPeripheralReset</name>
         <value>0x200137a5</value>
         <object_component_ref idref="oc-315"/>
      </symbol>
      <symbol id="sm-1b98">
         <name>PRCMRTCInUseSet</name>
         <value>0x20014e7b</value>
         <object_component_ref idref="oc-849"/>
      </symbol>
      <symbol id="sm-1b99">
         <name>PRCMPeripheralClkEnable</name>
         <value>0x200141cd</value>
         <object_component_ref idref="oc-30f"/>
      </symbol>
      <symbol id="sm-1b9a">
         <name>PRCMPeripheralClockGet</name>
         <value>0x20012671</value>
         <object_component_ref idref="oc-28b"/>
      </symbol>
      <symbol id="sm-1b9b">
         <name>PRCMCC3200MCUInit</name>
         <value>0x2000fddd</value>
         <object_component_ref idref="oc-18a"/>
      </symbol>
      <symbol id="sm-1b9c">
         <name>PRCMHIBRegWrite</name>
         <value>0x20014d23</value>
         <object_component_ref idref="oc-36b"/>
      </symbol>
      <symbol id="sm-1b9d">
         <name>PRCMSysResetCauseGet</name>
         <value>0x20014549</value>
         <object_component_ref idref="oc-35f"/>
      </symbol>
      <symbol id="sm-1b9e">
         <name>PRCMRTCGet</name>
         <value>0x20012ef1</value>
         <object_component_ref idref="oc-84f"/>
      </symbol>
      <symbol id="sm-1b9f">
         <name>PRCMPeripheralStatusGet</name>
         <value>0x20014365</value>
         <object_component_ref idref="oc-5c1"/>
      </symbol>
      <symbol id="sm-1ba0">
         <name>PRCMPeripheralClkDisable</name>
         <value>0x20014645</value>
         <object_component_ref idref="oc-371"/>
      </symbol>
      <symbol id="sm-1ba1">
         <name>PRCMHIBRegRead</name>
         <value>0x20014d0d</value>
         <object_component_ref idref="oc-365"/>
      </symbol>
      <symbol id="sm-1c3d">
         <name>SPIFIFODisable</name>
         <value>0x20014bcf</value>
         <object_component_ref idref="oc-631"/>
      </symbol>
      <symbol id="sm-1c3e">
         <name>SPICSEnable</name>
         <value>0x20014c33</value>
         <object_component_ref idref="oc-7dc"/>
      </symbol>
      <symbol id="sm-1c3f">
         <name>SPIDisable</name>
         <value>0x20014c4b</value>
         <object_component_ref idref="oc-5af"/>
      </symbol>
      <symbol id="sm-1c40">
         <name>SPIFIFOEnable</name>
         <value>0x20014be9</value>
         <object_component_ref idref="oc-5cd"/>
      </symbol>
      <symbol id="sm-1c41">
         <name>SPIWordCountSet</name>
         <value>0x20014903</value>
         <object_component_ref idref="oc-7e2"/>
      </symbol>
      <symbol id="sm-1c42">
         <name>SPIEnable</name>
         <value>0x20014c63</value>
         <object_component_ref idref="oc-5e5"/>
      </symbol>
      <symbol id="sm-1c43">
         <name>SPIDmaEnable</name>
         <value>0x20014bb5</value>
         <object_component_ref idref="oc-5d3"/>
      </symbol>
      <symbol id="sm-1c44">
         <name>SPIConfigSetExpClk</name>
         <value>0x2001235d</value>
         <object_component_ref idref="oc-5bb"/>
      </symbol>
      <symbol id="sm-1c45">
         <name>SPIFIFOLevelSet</name>
         <value>0x20014399</value>
         <object_component_ref idref="oc-5d9"/>
      </symbol>
      <symbol id="sm-1c46">
         <name>SPIDmaDisable</name>
         <value>0x20014b9b</value>
         <object_component_ref idref="oc-637"/>
      </symbol>
      <symbol id="sm-1c47">
         <name>SPIReset</name>
         <value>0x200148e1</value>
         <object_component_ref idref="oc-5b5"/>
      </symbol>
      <symbol id="sm-1c48">
         <name>SPIIntEnable</name>
         <value>0x20013a3d</value>
         <object_component_ref idref="oc-5df"/>
      </symbol>
      <symbol id="sm-1c49">
         <name>SPIIntClear</name>
         <value>0x20013c05</value>
         <object_component_ref idref="oc-78d"/>
      </symbol>
      <symbol id="sm-1c4a">
         <name>SPICSDisable</name>
         <value>0x20014c1b</value>
         <object_component_ref idref="oc-5a9"/>
      </symbol>
      <symbol id="sm-1cb9">
         <name>TimerLoadSet</name>
         <value>0x20014575</value>
         <object_component_ref idref="oc-32d"/>
      </symbol>
      <symbol id="sm-1cba">
         <name>TimerDisable</name>
         <value>0x20014a09</value>
         <object_component_ref idref="oc-339"/>
      </symbol>
      <symbol id="sm-1cbb">
         <name>TimerEnable</name>
         <value>0x20014a27</value>
         <object_component_ref idref="oc-333"/>
      </symbol>
      <symbol id="sm-1cbc">
         <name>TimerIntUnregister</name>
         <value>0x20013551</value>
         <object_component_ref idref="oc-345"/>
      </symbol>
      <symbol id="sm-1cbd">
         <name>TimerIntStatus</name>
         <value>0x20014a45</value>
         <object_component_ref idref="oc-160"/>
      </symbol>
      <symbol id="sm-1cbe">
         <name>TimerIntDisable</name>
         <value>0x20014c7b</value>
         <object_component_ref idref="oc-33f"/>
      </symbol>
      <symbol id="sm-1cbf">
         <name>TimerValueGet</name>
         <value>0x20014adb</value>
         <object_component_ref idref="oc-34b"/>
      </symbol>
      <symbol id="sm-1cc0">
         <name>TimerPrescaleSet</name>
         <value>0x2001459f</value>
         <object_component_ref idref="oc-321"/>
      </symbol>
      <symbol id="sm-1cc1">
         <name>TimerIntEnable</name>
         <value>0x20014c93</value>
         <object_component_ref idref="oc-327"/>
      </symbol>
      <symbol id="sm-1cc2">
         <name>TimerConfigure</name>
         <value>0x20013db1</value>
         <object_component_ref idref="oc-31b"/>
      </symbol>
      <symbol id="sm-1cc3">
         <name>TimerIntClear</name>
         <value>0x20014ddd</value>
         <object_component_ref idref="oc-166"/>
      </symbol>
      <symbol id="sm-1cff">
         <name>UARTConfigSetExpClk</name>
         <value>0x2001324d</value>
         <object_component_ref idref="oc-291"/>
      </symbol>
      <symbol id="sm-1d00">
         <name>UARTDisable</name>
         <value>0x20014431</value>
         <object_component_ref idref="oc-4ce"/>
      </symbol>
      <symbol id="sm-1d01">
         <name>UARTCharsAvail</name>
         <value>0x20014cab</value>
         <object_component_ref idref="oc-2a3"/>
      </symbol>
      <symbol id="sm-1d02">
         <name>UARTCharGetNonBlocking</name>
         <value>0x20014af7</value>
         <object_component_ref idref="oc-2a9"/>
      </symbol>
      <symbol id="sm-1d03">
         <name>UARTCharPut</name>
         <value>0x20014a63</value>
         <object_component_ref idref="oc-297"/>
      </symbol>
      <symbol id="sm-1d04">
         <name>UARTEnable</name>
         <value>0x200147c5</value>
         <object_component_ref idref="oc-4d4"/>
      </symbol>
      <symbol id="sm-1d5b">
         <name>uDMAChannelControlSet</name>
         <value>0x20014281</value>
         <object_component_ref idref="oc-941"/>
      </symbol>
      <symbol id="sm-1d5c">
         <name>uDMAChannelAttributeEnable</name>
         <value>0x200136e9</value>
         <object_component_ref idref="oc-947"/>
      </symbol>
      <symbol id="sm-1d5d">
         <name>uDMAChannelTransferSet</name>
         <value>0x200115dd</value>
         <object_component_ref idref="oc-94d"/>
      </symbol>
      <symbol id="sm-1d5e">
         <name>uDMAChannelAssign</name>
         <value>0x20013bb9</value>
         <object_component_ref idref="oc-771"/>
      </symbol>
      <symbol id="sm-1d5f">
         <name>uDMAChannelAttributeDisable</name>
         <value>0x20013685</value>
         <object_component_ref idref="oc-777"/>
      </symbol>
      <symbol id="sm-1d60">
         <name>uDMAChannelEnable</name>
         <value>0x20014b31</value>
         <object_component_ref idref="oc-953"/>
      </symbol>
      <symbol id="sm-1d64">
         <name>UtilsDelay</name>
         <value>0x20014e83</value>
         <object_component_ref idref="oc-1a0"/>
      </symbol>
      <symbol id="sm-1d6e">
         <name>CPUcpsie</name>
         <value>0x20014d65</value>
         <object_component_ref idref="oc-354"/>
      </symbol>
      <symbol id="sm-1d70">
         <name>__TI_static_base__</name>
         <value>0x20015628</value>
      </symbol>
      <symbol id="sm-1d73">
         <name>SHT$$INIT_ARRAY$$Limit</name>
         <value>0x0</value>
      </symbol>
      <symbol id="sm-1d74">
         <name>SHT$$INIT_ARRAY$$Base</name>
         <value>0x0</value>
      </symbol>
   </symbol_table>
   <title>Link successful</title>
</link_info>
