******************************************************************************
                  TI ARM Linker PC v5.2.2                      
******************************************************************************
>> Linked Wed Mar 27 10:40:43 2019

OUTPUT FILE NAME:   <SmartPot.out>
ENTRY POINT SYMBOL: "_c_int00"  address: 20014481


MEMORY CONFIGURATION

         name            origin    length      used     unused   attr    fill
----------------------  --------  ---------  --------  --------  ----  --------
  SRAM_CODE             20004000   00016fff  00011a0e  000055f1  RW X
  SRAM_DATA             2001b000   00015000  0000e2b5  00006d4b  RW X


SEGMENT ALLOCATION MAP

run origin  load origin   length   init length attrs members
----------  ----------- ---------- ----------- ----- -------
20004000    20004000    00011a10   00011a10    r-x
  20004000    20004000    00000400   00000400    r-- .intvecs
  20004400    20004400    00010d66   00010d66    r-x .text
  20015168    20015168    00000750   00000750    r-- .const
  200158b8    200158b8    00000158   00000158    r-- .cinit
2001b000    2001b000    000092b8   00000000    rw-
  2001b000    2001b000    00008000   00000000    rw- .sysmem
  20023000    20023000    00000fcd   00000000    rw- .bss
  20023fd0    20023fd0    000002e8   00000000    rw- .data
2002b000    2002b000    00005000   00000000    rw-
  2002b000    2002b000    00005000   00000000    rw- .stack


SECTION ALLOCATION MAP

 output                                  attributes/
section   page    origin      length       input sections
--------  ----  ----------  ----------   ----------------
.intvecs   0    20004000    00000400     
                  20004000    00000400     startup_ccs.obj (.intvecs)

.init_array 
*          0    20004000    00000000     UNINITIALIZED

.text      0    20004400    00010d66     
                  20004400    000025cc     mqtt.a : mqtt_client.obj (.text)
                  200069cc    000012e0     network_if.obj (.text)
                  20007cac    0000125c     free_rtos.a : tasks.obj (.text)
                  20008f08    000010a6     rtsv7M4_T_le_eabi.lib : _printfi.obj (.text)
                  20009fae    00000002     driverlib.a : interrupt.obj (.text:IntDefaultHandler)
                  20009fb0    00000d54     main.obj (.text)
                  2000ad04    00000b24     free_rtos.a : queue.obj (.text)
                  2000b828    00000a68     mqtt.a : sl_mqtt_client.obj (.text)
                  2000c290    00000a0c            : mqtt_common.obj (.text)
                  2000cc9c    000006d0            : cc31xx_sl_net.obj (.text)
                  2000d36c    00000590     simplelink.a : driver.obj (.text:_SlDrvMsgRead)
                  2000d8fc    0000045c     free_rtos.a : osi_freertos.obj (.text)
                  2000dd58    000003dc     rtsv7M4_T_le_eabi.lib : memory.obj (.text)
                  2000e134    00000394     gpio_if.obj (.text)
                  2000e4c8    00000294     simplelink.a : wlan.obj (.text:sl_WlanProfileAdd)
                  2000e75c    00000290     uart_if.obj (.text)
                  2000e9ec    00000260     simplelink.a : wlan.obj (.text:sl_WlanConnect)
                  2000ec4c    0000021c     temp.obj (.text)
                  2000ee68    000001fc     simplelink.a : driver.obj (.text:_SlDrvRxHdrRead)
                  2000f064    000001f4     rtsv7M4_T_le_eabi.lib : ull_div_t2.obj (.text)
                  2000f258    000001e0     simplelink.a : driver.obj (.text:_SlDrvDataReadOp)
                  2000f438    000001d0                  : driver.obj (.text:_SlDrvReleasePoolObj)
                  2000f608    000001c0     timer_if.obj (.text)
                  2000f7c8    000001b6     rtsv7M4_T_le_eabi.lib : fd_add_t2.obj (.text)
                  2000f97e    00000002     --HOLE-- [fill = 0]
                  2000f980    000001a0     simplelink.a : socket.obj (.text:sl_Accept)
                  2000fb20    0000019c                  : driver.obj (.text:_SlDrvMsgWrite)
                  2000fcbc    00000190                  : driver.obj (.text:_SlDrvDriverCBInit)
                  2000fe4c    00000190                  : driver.obj (.text:_SlDrvWaitForPoolObj)
                  2000ffdc    00000178     driverlib.a : prcm.obj (.text:PRCMCC3200MCUInit)
                  20010154    00000170     simplelink.a : driver.obj (.text:_SlFindAndSetActiveObj)
                  200102c4    0000016c                  : socket.obj (.text:sl_Connect)
                  20010430    0000015c                  : socket.obj (.text:sl_Select)
                  2001058c    00000150     button_if.obj (.text)
                  200106dc    00000150     simplelink.a : cc_pal.obj (.text:spi_Open)
                  2001082c    0000014c                  : driver.obj (.text:_SlDrvDataWriteOp)
                  20010978    00000136     rtsv7M4_T_le_eabi.lib : fd_div_t2.obj (.text)
                  20010aae    00000002     --HOLE-- [fill = 0]
                  20010ab0    0000012c     simplelink.a : netapp.obj (.text:sl_NetAppDnsGetHostByName)
                  20010bdc    0000012a     free_rtos.a : list.obj (.text)
                  20010d06    00000002     --HOLE-- [fill = 0]
                  20010d08    00000128     simplelink.a : socket.obj (.text:sl_SendTo)
                  20010e30    00000120                  : driver.obj (.text:_SlDrvMsgReadCmdCtx)
                  20010f50    00000120                  : socket.obj (.text:sl_RecvFrom)
                  20011070    0000011c     pinmux.obj (.text)
                  2001118c    00000118     simplelink.a : driver.obj (.text:_SlDrvDriverCBDeinit)
                  200112a4    00000118                  : socket.obj (.text:sl_Send)
                  200113bc    00000110     free_rtos.a : port.obj (.text)
                  200114cc    00000110     rtsv7M4_T_le_eabi.lib : xdscale.obj (.text)
                  200115dc    00000104     simplelink.a : netapp.obj (.text:_SlDrvNetAppEventHandler)
                  200116e0    000000fc     rtsv7M4_T_le_eabi.lib : fd_mul_t2.obj (.text)
                  200117dc    000000f0     driverlib.a : udma.obj (.text:uDMAChannelTransferSet)
                  200118cc    000000e8     simplelink.a : driver.obj (.text:_SlAsyncEventGenericHandler)
                  200119b4    000000e4                  : device.obj (.text:sl_Stop)
                  20011a98    000000e0                  : device.obj (.text:sl_Start)
                  20011b78    000000dc                  : driver.obj (.text:_SlDrvClassifyRxMsg)
                  20011c54    000000dc                  : cc_pal.obj (.text:spi_Read)
                  20011d30    000000d4                  : driver.obj (.text:_SlDrvMsgReadSpawnCtx)
                  20011e04    000000cc                  : netapp.obj (.text:_sl_HandleAsync_DnsGetHostByService)
                  20011ed0    000000c8                  : netapp.obj (.text:sl_NetAppMDNSRegisterUnregisterService)
                  20011f98    000000c4                  : driver.obj (.text:_SlRemoveFromList)
                  2001205c    000000c0                  : driver.obj (.text:_SlDrvCmdOp)
                  2001211c    000000c0                  : netcfg.obj (.text:sl_NetCfgGet)
                  200121dc    000000be     rtsv7M4_T_le_eabi.lib : xdnorm.obj (.text)
                  2001229a    00000002     --HOLE-- [fill = 0]
                  2001229c    000000ba     free_rtos.a : portasm.obj (.text)
                  20012356    00000002     --HOLE-- [fill = 0]
                  20012358    000000b4     simplelink.a : device.obj (.text:sl_DevGet)
                  2001240c    000000a8     driverlib.a : interrupt.obj (.text:IntDisable)
                  200124b4    000000a8                 : interrupt.obj (.text:IntEnable)
                  2001255c    000000a0                 : spi.obj (.text:SPIConfigSetExpClk)
                  200125fc    000000a0     simplelink.a : driver.obj (.text:_SlDriverHandleError)
                  2001269c    0000009c     rtsv7M4_T_le_eabi.lib : memcpy_t2.obj (.text)
                  20012738    0000009c     simplelink.a : socket.obj (.text:sl_Bind)
                  200127d4    0000009a                  : device.obj (.text:_SlDrvDeviceEventHandler)
                  2001286e    00000002     --HOLE-- [fill = 0]
                  20012870    00000094     driverlib.a : prcm.obj (.text:PRCMPeripheralClockGet)
                  20012904    00000090     simplelink.a : netapp.obj (.text:_sl_HandleAsync_DnsGetHostByName)
                  20012994    00000090                  : netapp.obj (.text:_sl_HandleAsync_PingResponse)
                  20012a24    0000008c                  : cc_pal.obj (.text:SetupDMAReceive)
                  20012ab0    0000008c                  : cc_pal.obj (.text:SetupDMASend)
                  20012b3c    0000008c                  : cc_pal.obj (.text:spi_Write)
                  20012bc8    00000088     driverlib.a : pin.obj (.text:PinConfigSet)
                  20012c50    00000088     rtsv7M4_T_le_eabi.lib : vsnprintf.obj (.text)
                  20012cd8    00000088     simplelink.a : socket.obj (.text:sl_Recv)
                  20012d60    00000086     rtsv7M4_T_le_eabi.lib : fd_cmp_t2.obj (.text:__aeabi_cdcmple)
                  20012de6    00000086                           : fd_cmp_t2.obj (.text:__aeabi_cdrcmple)
                  20012e6c    00000082     driverlib.a : gpio.obj (.text:GPIOIntTypeSet)
                  20012eee    00000002     --HOLE-- [fill = 0]
                  20012ef0    00000080     simplelink.a : socket.obj (.text:_sl_HandleAsync_Connect)
                  20012f70    00000080                  : device.obj (.text:_sl_HandleAsync_InitComplete)
                  20012ff0    00000080                  : cc_pal.obj (.text:spi_Read_CPU)
                  20013070    00000080                  : cc_pal.obj (.text:spi_Write_CPU)
                  200130f0    0000007c     driverlib.a : prcm.obj (.text:PRCMRTCGet)
                  2001316c    0000007c     simplelink.a : netcfg.obj (.text:sl_NetCfgSet)
                  200131e8    0000007c                  : socket.obj (.text:sl_SetSockOpt)
                  20013264    0000007c                  : wlan.obj (.text:sl_WlanSet)
                  200132e0    0000007a     rtsv7M4_T_le_eabi.lib : fs_mul_t2.obj (.text)
                  2001335a    0000007a                           : memset_t2.obj (.text)
                  200133d4    00000078     simplelink.a : wlan.obj (.text:sl_WlanPolicySet)
                  2001344c    00000078                  : cc_pal.obj (.text:spi_Close)
                  200134c4    00000076     driverlib.a : uart.obj (.text:UARTConfigSetExpClk)
                  2001353a    00000002     --HOLE-- [fill = 0]
                  2001353c    00000070     simplelink.a : socket.obj (.text:sl_Socket)
                  200135ac    0000006c                  : driver.obj (.text:_SlDrvCmdSend)
                  20013618    0000006c                  : netapp.obj (.text:_sl_NetAppSendTokenValue)
                  20013684    0000006c     rtsv7M4_T_le_eabi.lib : autoinit.obj (.text)
                  200136f0    0000006c     simplelink.a : wlan.obj (.text:sl_WlanRxFilterSet)
                  2001375c    0000006a     rtsv7M4_T_le_eabi.lib : copy_decompress_rle.obj (.text)
                  200137c6    00000002     --HOLE-- [fill = 0]
                  200137c8    00000068     driverlib.a : timer.obj (.text:TimerIntUnregister)
                  20013830    00000066     rtsv7M4_T_le_eabi.lib : xdunscal.obj (.text)
                  20013896    00000002     --HOLE-- [fill = 0]
                  20013898    00000064     simplelink.a : socket.obj (.text:_sl_HandleAsync_Accept)
                  200138fc    00000064     driverlib.a : udma.obj (.text:uDMAChannelAttributeDisable)
                  20013960    00000064                 : udma.obj (.text:uDMAChannelAttributeEnable)
                  200139c4    00000058                 : interrupt.obj (.text:IntPendClear)
                  20013a1c    00000058                 : prcm.obj (.text:PRCMPeripheralReset)
                  20013a74    00000056     rtsv7M4_T_le_eabi.lib : ltoa.obj (.text)
                  20013aca    00000002     --HOLE-- [fill = 0]
                  20013acc    00000054     driverlib.a : interrupt.obj (.text:IntPrioritySet)
                  20013b20    00000054     simplelink.a : socket.obj (.text:_sl_HandleAsync_Select)
                  20013b74    00000050     driverlib.a : prcm.obj (.text:PRCMSlowClkCtrGet)
                  20013bc4    00000050     simplelink.a : driver.obj (.text:_SlDrvRxIrqHandler)
                  20013c14    00000050                  : device.obj (.text:_sl_HandleAsync_Stop)
                  20013c64    00000050                  : socket.obj (.text:sl_Listen)
                  20013cb4    0000004c     driverlib.a : spi.obj (.text:SPIIntEnable)
                  20013d00    0000004c     simplelink.a : driver.obj (.text:_SlDrvProtectAsyncRespSetting)
                  20013d4c    0000004c                  : socket.obj (.text:_sl_BuildAddress)
                  20013d98    0000004c     rtsv7M4_T_le_eabi.lib : atoi.obj (.text)
                  20013de4    0000004c                           : cpy_tbl.obj (.text)
                  20013e30    0000004c     driverlib.a : udma.obj (.text:uDMAChannelAssign)
                  20013e7c    00000048                 : spi.obj (.text:SPIIntClear)
                  20013ec4    00000048     simplelink.a : driver.obj (.text:_SlDrvBasicCmd)
                  20013f0c    00000048     rtsv7M4_T_le_eabi.lib : fd_toi_t2.obj (.text)
                  20013f54    00000048     simplelink.a : netapp.obj (.text:sl_NetAppMDNSUnRegisterService)
                  20013f9c    00000046     rtsv7M4_T_le_eabi.lib : ldexp.obj (.text)
                  20013fe2    00000002     --HOLE-- [fill = 0]
                  20013fe4    00000044     driverlib.a : spi.obj (.text:SPIDmaMaskGet)
                  20014028    00000044                 : timer.obj (.text:TimerConfigure)
                  2001406c    00000044     simplelink.a : driver.obj (.text:_SlDrvHandleHttpServerEvents)
                  200140b0    00000044                  : cc_pal.obj (.text:cc_SetupTransfer)
                  200140f4    00000044     rtsv7M4_T_le_eabi.lib : exit.obj (.text)
                  20014138    00000044     simplelink.a : socket.obj (.text:sl_Close)
                  2001417c    00000044                  : wlan.obj (.text:sl_WlanProfileDel)
                  200141c0    00000044                  : wlan.obj (.text:sl_WlanSetMode)
                  20014204    00000042                  : socket.obj (.text:sl_Htonl)
                  20014246    00000002     --HOLE-- [fill = 0]
                  20014248    00000040     driverlib.a : pin.obj (.text:PinModeSet)
                  20014288    00000040     simplelink.a : driver.obj (.text:_SlDrvHandleNetAppEvents)
                  200142c8    00000040                  : driver.obj (.text:_SlDrvHandleWlanEvents)
                  20014308    00000040                  : driver.obj (.text:_SlDrvSyncObjWaitTimeout)
                  20014348    00000040                  : socket.obj (.text:_sl_TruncatePayloadByProtocol)
                  20014388    00000040     rtsv7M4_T_le_eabi.lib : signal.obj (.text)
                  200143c8    00000040                           : strtok.obj (.text)
                  20014408    0000003c     simplelink.a : netapp.obj (.text:CopyPingResultsToReport)
                  20014444    0000003c     driverlib.a : prcm.obj (.text:PRCMPeripheralClkEnable)
                  20014480    0000003c     rtsv7M4_T_le_eabi.lib : boot.obj (.text)
                  200144bc    0000003c     simplelink.a : socket.obj (.text:sl_Htons)
                  200144f8    0000003c     driverlib.a : udma.obj (.text:uDMAChannelControlSet)
                  20014534    00000038     simplelink.a : cc_pal.obj (.text:NwpPowerOff)
                  2001456c    00000038     free_rtos.a : heap_3.obj (.text)
                  200145a4    00000038     rtsv7M4_T_le_eabi.lib : fs_toi_t2.obj (.text)
                  200145dc    00000036     driverlib.a : gpio.obj (.text:GPIODirModeSet)
                  20014612    00000002     --HOLE-- [fill = 0]
                  20014614    00000034                 : prcm.obj (.text:PRCMPeripheralStatusGet)
                  20014648    00000034                 : spi.obj (.text:SPIFIFOLevelSet)
                  2001467c    00000034     rtsv7M4_T_le_eabi.lib : feraiseexcept.obj (.text)
                  200146b0    00000030     driverlib.a : pin.obj (.text:PinTypeGPIO)
                  200146e0    00000030                 : uart.obj (.text:UARTDisable)
                  20014710    00000030     rtsv7M4_T_le_eabi.lib : strncpy.obj (.text)
                  20014740    00000030                           : xferaise.obj (.text)
                  20014770    0000002e                           : i_tofd_t2.obj (.text)
                  2001479e    0000002e                           : raise.obj (.text)
                  200147cc    0000002c     simplelink.a : cc_pal.obj (.text:DmaSpiSwIntHandler)
                  200147f8    0000002c     driverlib.a : prcm.obj (.text:PRCMSysResetCauseGet)
                  20014824    0000002a                 : timer.obj (.text:TimerLoadSet)
                  2001484e    0000002a                 : timer.obj (.text:TimerPrescaleSet)
                  20014878    0000002a     rtsv7M4_T_le_eabi.lib : strspn.obj (.text)
                  200148a2    0000002a                           : xdclass.obj (.text)
                  200148cc    00000028     driverlib.a : prcm.obj (.text:IsRTCUsed)
                  200148f4    00000028                 : prcm.obj (.text:PRCMPeripheralClkDisable)
                  2001491c    00000028     simplelink.a : socket.obj (.text:SL_FD_ISSET)
                  20014944    00000028                  : driver.obj (.text:_SlDrvObjGlobalLockWaitForever)
                  2001496c    00000028                  : driver.obj (.text:_SlDrvProtectionObjLockWaitForever)
                  20014994    00000026                  : cc_pal.obj (.text:NwpRegisterInterruptHandler)
                  200149ba    00000026     network_common.obj (.text)
                  200149e0    00000026     rtsv7M4_T_le_eabi.lib : strncmp.obj (.text)
                  20014a06    00000002     --HOLE-- [fill = 0]
                  20014a08    00000024     driverlib.a : interrupt.obj (.text:IntUnregister)
                  20014a2c    00000024                 : prcm.obj (.text:RTCU16MSecRegRead)
                  20014a50    00000024                 : prcm.obj (.text:RTCUseSet)
                  20014a74    00000024                 : uart.obj (.text:UARTEnable)
                  20014a98    00000024     simplelink.a : driver.obj (.text:_SlDrvGlobalObjUnLock)
                  20014abc    00000024                  : driver.obj (.text:_SlDrvProtectionObjUnLock)
                  20014ae0    00000024                  : driver.obj (.text:_SlDrvSyncObjWaitForever)
                  20014b04    00000024     rtsv7M4_T_le_eabi.lib : memmov.obj (.text)
                  20014b28    00000024                           : strcspn.obj (.text)
                  20014b4c    00000024                           : u_tofs_t2.obj (.text)
                  20014b70    00000022     driverlib.a : gpio.obj (.text:GPIOIntStatus)
                  20014b92    00000022     simplelink.a : socket.obj (.text:SL_FD_SET)
                  20014bb4    00000022     driverlib.a : spi.obj (.text:SPIReset)
                  20014bd6    00000022                 : spi.obj (.text:SPIWordCountSet)
                  20014bf8    00000022     simplelink.a : driver.obj (.text:_SlDrvObjLockWaitForever)
                  20014c1a    00000022     rtsv7M4_T_le_eabi.lib : frexp.obj (.text)
                  20014c3c    00000020     driverlib.a : gpio.obj (.text:GPIOPinWrite)
                  20014c5c    00000020                 : interrupt.obj (.text:IntRegister)
                  20014c7c    00000020     simplelink.a : cc_pal.obj (.text:NwpPowerOn)
                  20014c9c    00000020     mqtt.a : cc3200_platform.obj (.text)
                  20014cbc    00000020     simplelink.a : wlan.obj (.text:sl_WlanDisconnect)
                  20014cdc    0000001e     driverlib.a : timer.obj (.text:TimerDisable)
                  20014cfa    0000001e                 : timer.obj (.text:TimerEnable)
                  20014d18    0000001e                 : timer.obj (.text:TimerIntStatus)
                  20014d36    0000001e                 : uart.obj (.text:UARTCharPut)
                  20014d54    0000001e     simplelink.a : driver.obj (.text:_SlDrvObjUnLock)
                  20014d72    0000001e                  : driver.obj (.text:_SlDrvSyncObjSignal)
                  20014d90    0000001e                  : cc_pal.obj (.text:cc_UDMAChannelSelect)
                  20014dae    0000001c     driverlib.a : timer.obj (.text:TimerValueGet)
                  20014dca    0000001c                 : uart.obj (.text:UARTCharGetNonBlocking)
                  20014de6    0000001c     rtsv7M4_T_le_eabi.lib : memccpy.obj (.text)
                  20014e02    00000002     --HOLE-- [fill = 0]
                  20014e04    0000001c     driverlib.a : udma.obj (.text:uDMAChannelEnable)
                  20014e20    0000001a                 : gpio.obj (.text:GPIOIntDisable)
                  20014e3a    0000001a                 : gpio.obj (.text:GPIOIntEnable)
                  20014e54    0000001a                 : pin.obj (.text:PinTypeUART)
                  20014e6e    0000001a                 : spi.obj (.text:SPIDmaDisable)
                  20014e88    0000001a                 : spi.obj (.text:SPIDmaEnable)
                  20014ea2    0000001a                 : spi.obj (.text:SPIFIFODisable)
                  20014ebc    0000001a                 : spi.obj (.text:SPIFIFOEnable)
                  20014ed6    00000018                 : gpio.obj (.text:GPIOPinRead)
                  20014eee    00000018                 : spi.obj (.text:SPICSDisable)
                  20014f06    00000018                 : spi.obj (.text:SPICSEnable)
                  20014f1e    00000018                 : spi.obj (.text:SPIDisable)
                  20014f36    00000018                 : spi.obj (.text:SPIEnable)
                  20014f4e    00000018                 : timer.obj (.text:TimerIntDisable)
                  20014f66    00000018                 : timer.obj (.text:TimerIntEnable)
                  20014f7e    00000018                 : uart.obj (.text:UARTCharsAvail)
                  20014f96    00000002     --HOLE-- [fill = 0]
                  20014f98    00000018     simplelink.a : device.obj (.text:_sl_GetStartResponseConvert)
                  20014fb0    00000018     rtsv7M4_T_le_eabi.lib : args_main.obj (.text)
                  20014fc8    00000018                           : strcmp.obj (.text)
                  20014fe0    00000016     driverlib.a : prcm.obj (.text:PRCMHIBRegRead)
                  20014ff6    00000016                 : prcm.obj (.text:PRCMHIBRegWrite)
                  2001500c    00000016     simplelink.a : driver.obj (.text:_SlDrvMemZero)
                  20015022    00000016     rtsv7M4_T_le_eabi.lib : strchr.obj (.text)
                  20015038    00000014     driverlib.a : cpu.obj (.text:CPUcpsie)
                  2001504c    00000014                 : gpio.obj (.text:GPIOIntClear)
                  20015060    00000014                 : interrupt.obj (.text:IntVTableBaseSet)
                  20015074    00000014     rtsv7M4_T_le_eabi.lib : _lock.obj (.text)
                  20015088    00000014                           : strcpy.obj (.text)
                  2001509c    00000014                           : strlen.obj (.text)
                  200150b0    00000012     driverlib.a : timer.obj (.text:TimerIntClear)
                  200150c2    00000002     --HOLE-- [fill = 0]
                  200150c4    00000010                 : prcm.obj (.text:RTCU32SecRegRead)
                  200150d4    00000010     simplelink.a : socket.obj (.text:SL_FD_ZERO)
                  200150e4    00000010                  : driver.obj (.text:_SlDrvDispatchHttpServerEvents)
                  200150f4    0000000e                  : driver.obj (.text:_SlDrvResetCmdExt)
                  20015102    0000000e     rtsv7M4_T_le_eabi.lib : copy_decompress_none.obj (.text:decompress:none)
                  20015110    0000000e     startup_ccs.obj (.text)
                  2001511e    00000002     --HOLE-- [fill = 0]
                  20015120    0000000c     simplelink.a : cc_pal.obj (.text:NwpMaskInterrupt)
                  2001512c    0000000c                  : cc_pal.obj (.text:NwpUnMaskInterrupt)
                  20015138    0000000c     rtsv7M4_T_le_eabi.lib : copy_zero_init.obj (.text:decompress:ZI)
                  20015144    0000000a     driverlib.a : interrupt.obj (.text:IntMasterEnable)
                  2001514e    00000008                 : prcm.obj (.text:PRCMRTCInUseSet)
                  20015156    00000006                 : utils.obj (.text:UtilsDelay)
                  2001515c    00000006     rtsv7M4_T_le_eabi.lib : copy_decompress_rle.obj (.text:decompress:rle24)
                  20015162    00000004                           : pre_init.obj (.text)

.const     0    20015168    00000750     
                  20015168    00000101     rtsv7M4_T_le_eabi.lib : ctype.obj (.const:.string:_ctypes_)
                  20015269    00000003     mqtt.a : sl_mqtt_client.obj (.const)
                  2001526c    00000100     driverlib.a : pin.obj (.const:g_ulPinToPadMap)
                  2001536c    000000d4                 : interrupt.obj (.const:g_pulRegs)
                  20015440    000000ba     main.obj (.const:.string)
                  200154fa    00000002     --HOLE-- [fill = 0]
                  200154fc    000000a8     driverlib.a : prcm.obj (.const:PRCM_PeriphRegsList)
                  200155a4    00000080                 : interrupt.obj (.const)
                  20015624    00000062     network_if.obj (.const:.string)
                  20015686    0000003c     simplelink.a : driver.obj (.const:OpcodeTranslateTable)
                  200156c2    0000003c                  : wlan.obj (.const)
                  200156fe    00000002     --HOLE-- [fill = 0]
                  20015700    00000038                  : driver.obj (.const:_SlActionLookupTable)
                  20015738    00000038                  : driver.obj (.const)
                  20015770    00000034                  : socket.obj (.const)
                  200157a4    0000002c     network_if.obj (.const:$P$T1$2)
                  200157d0    00000028     simplelink.a : netapp.obj (.const)
                  200157f8    00000024     network_if.obj (.const)
                  2001581c    00000022     network_if.obj (.const:.string:$P$T0$1)
                  2001583e    00000002     --HOLE-- [fill = 0]
                  20015840    00000020     mqtt.a : cc31xx_sl_net.obj (.const)
                  20015860    0000001c     simplelink.a : device.obj (.const)
                  2001587c    00000018     driverlib.a : spi.obj (.const)
                  20015894    00000010     simplelink.a : socket.obj (.const:.string)
                  200158a4    0000000b     mqtt.a : mqtt_client.obj (.const:.string)
                  200158af    00000001     --HOLE-- [fill = 0]
                  200158b0    00000008     simplelink.a : netcfg.obj (.const)

.cinit     0    200158b8    00000158     
                  200158b8    00000134     (.cinit..data.load) [load image, compression = rle]
                  200159ec    0000000c     (__TI_handler_table)
                  200159f8    00000008     (.cinit..bss.load) [load image, compression = zero_init]
                  20015a00    00000010     (__TI_cinit_table)

.sysmem    0    2001b000    00008000     UNINITIALIZED
                  2001b000    00000008     rtsv7M4_T_le_eabi.lib : memory.obj (.sysmem)
                  2001b008    00007ff8     --HOLE--

.bss       0    20023000    00000fcd     UNINITIALIZED
                  20023000    00000800     mqtt.a : sl_mqtt_client.obj (.bss:buf_vec)
                  20023800    000002d0            : mqtt_client.obj (.bss:clients)
                  20023ad0    00000178     simplelink.a : driver.obj (.bss:g_StatMem)
                  20023c48    000000f0     mqtt.a : sl_mqtt_client.obj (.bss:sl_cli_ctx)
                  20023d38    000000c8     free_rtos.a : tasks.obj (.bss:pxReadyTasksLists)
                  20023e00    00000050     simplelink.a : cc_pal.obj (.bss:g_ucDinDout)
                  20023e50    00000050     free_rtos.a : queue.obj (.bss:xQueueRegistry)
                  20023ea0    00000048     mqtt.a : sl_mqtt_client.obj (.bss:mqp_vec)
                  20023ee8    00000024     network_if.obj (.bss:g_ucConnectionSSID)
                  20023f0c    00000018     (.common:recv_hvec)
                  20023f24    00000014     (.common:xDelayedTaskList1)
                  20023f38    00000014     (.common:xDelayedTaskList2)
                  20023f4c    00000014     (.common:xPendingReadyList)
                  20023f60    00000014     (.common:xSuspendedTaskList)
                  20023f74    00000014     (.common:xTasksWaitingTermination)
                  20023f88    00000008     (.common:g_ucConnectionBSSID)
                  20023f90    00000004     (.common:DMAMsgQ)
                  20023f94    00000004     (.common:__Errorlog)
                  20023f98    00000004     (.common:g_PBQueue)
                  20023f9c    00000004     (.common:g_S2InterruptHdl)
                  20023fa0    00000004     (.common:g_S3InterruptHdl)
                  20023fa4    00000004     (.common:g_cDummy)
                  20023fa8    00000004     (.common:g_rx_task_hndl)
                  20023fac    00000004     (.common:g_rx_tx_sync_obj)
                  20023fb0    00000004     (.common:g_wait_secs)
                  20023fb4    00000004     (.common:mqtt_lib_lockobj)
                  20023fb8    00000004     (.common:mt_lock)
                  20023fbc    00000004     (.common:pxDelayedTaskList)
                  20023fc0    00000004     (.common:pxOverflowDelayedTaskList)
                  20023fc4    00000002     (.common:g_usConnectIndex)
                  20023fc6    00000002     (.common:g_usTimerInts)
                  20023fc8    00000001     (.common:RxIrqCnt)
                  20023fc9    00000001     (.common:g_bDeviceRestartIsRequired)
                  20023fca    00000001     (.common:g_ucLED1Pin)
                  20023fcb    00000001     (.common:g_ucLED2Pin)
                  20023fcc    00000001     (.common:g_ucLED3Pin)

.TI.noinit 
*          0    20023000    00000000     UNINITIALIZED

.data      0    20023fd0    000002e8     UNINITIALIZED
                  20023fd0    000000b0     rtsv7M4_T_le_eabi.lib : signal.obj (.data:sigtable)
                  20024080    00000080                           : xvalues.obj (.data)
                  20024100    0000005c     main.obj (.data:usr_connect_config)
                  2002415c    0000004c     mqtt.a : mqtt_client.obj (.data)
                  200241a8    00000034     free_rtos.a : tasks.obj (.data)
                  200241dc    0000002c     main.obj (.data)
                  20024208    00000028     mqtt.a : sl_mqtt_client.obj (.data:net)
                  20024230    00000020     gpio_if.obj (.data)
                  20024250    0000000d     simplelink.a : driver.obj (.data)
                  2002425d    00000001     mqtt.a : sl_mqtt_client.obj (.data)
                  2002425e    00000002     --HOLE--
                  20024260    0000000c     free_rtos.a : osi_freertos.obj (.data)
                  2002426c    0000000c     network_if.obj (.data)
                  20024278    0000000c     rtsv7M4_T_le_eabi.lib : memory.obj (.data)
                  20024284    00000009     simplelink.a : cc_pal.obj (.data)
                  2002428d    00000003     --HOLE--
                  20024290    00000008     rtsv7M4_T_le_eabi.lib : _lock.obj (.data)
                  20024298    00000008                           : exit.obj (.data)
                  200242a0    00000008                           : feraiseexcept.obj (.data)
                  200242a8    00000004     free_rtos.a : port.obj (.data)
                  200242ac    00000004     rtsv7M4_T_le_eabi.lib : errno.obj (.data)
                  200242b0    00000004                           : stkdepth_vars.obj (.data)
                  200242b4    00000004                           : strtok.obj (.data)

.TI.persistent 
*          0    20023fd0    00000000     UNINITIALIZED

.stack     0    2002b000    00005000     UNINITIALIZED
                  2002b000    00005000     --HOLE--


LINKER GENERATED COPY TABLES

__TI_cinit_table @ 20015a00 records: 2, size/record: 8, table size: 16
	.data: load addr=200158b8, load size=00000134 bytes, run addr=20023fd0, run size=000002e8 bytes, compression=rle
	.bss: load addr=200159f8, load size=00000008 bytes, run addr=20023000, run size=00000fcd bytes, compression=zero_init


LINKER GENERATED HANDLER TABLE

__TI_handler_table @ 200159ec records: 3, size/record: 4, table size: 12
	index: 0, handler: __TI_decompress_rle24
	index: 1, handler: __TI_decompress_none
	index: 2, handler: __TI_zero_init


GLOBAL SYMBOLS: SORTED ALPHABETICALLY BY Name 

address   name                                  
-------   ----                                  
2000a355  BoardInit                             
20010681  Button_IF_DisableInterrupt            
20010631  Button_IF_EnableInterrupt             
200105cd  Button_IF_Init                        
200140f5  C$$EXIT                               
20015039  CPUcpsie                              
2000e79d  ClearTerm                             
20007109  ConfigureSimpleLinkToDefaultState     
20023f90  DMAMsgQ                               
200147cd  DmaSpiSwIntHandler                    
2000e7a7  Error                                 
200145dd  GPIODirModeSet                        
2001504d  GPIOIntClear                          
20014e21  GPIOIntDisable                        
20014e3b  GPIOIntEnable                         
20014b71  GPIOIntStatus                         
20012e6d  GPIOIntTypeSet                        
20014ed7  GPIOPinRead                           
20014c3d  GPIOPinWrite                          
2000e3f5  GPIO_IF_ConfigureNIntEnable           
2000e471  GPIO_IF_Get                           
2000e3af  GPIO_IF_GetPortNPin                   
2000e171  GPIO_IF_LedConfigure                  
2000e263  GPIO_IF_LedOff                        
2000e1af  GPIO_IF_LedOn                         
2000e317  GPIO_IF_LedStatus                     
2000e381  GPIO_IF_LedToggle                     
2000e437  GPIO_IF_Set                           
200105ad  GPIOs2IntHandler                      
2001058d  GPIOs3IntHandler                      
2000e7df  GetCmd                                
2000e75d  InitTerm                              
2000ec4d  Init_QT18B20                          
200070cf  InitializeAppVariables                
2001240d  IntDisable                            
200124b5  IntEnable                             
20015145  IntMasterEnable                       
200139c5  IntPendClear                          
20013acd  IntPrioritySet                        
20014c5d  IntRegister                           
20014a09  IntUnregister                         
20015061  IntVTableBaseSet                      
2000a313  LedTimerConfigNStart                  
2000a341  LedTimerDeinitStop                    
2000e77b  Message                               
2000a551  MqttClient                            
200241e8  Mqtt_Client                           
200077ad  Network_IF_ConnectAP                  
20007ab1  Network_IF_CurrentMCUState            
2000760d  Network_IF_DeInitDriver               
2000798b  Network_IF_DisconnectFromAP           
20007a3d  Network_IF_GetHostIP                  
200074a9  Network_IF_InitDriver                 
200079c9  Network_IF_IpConfigGet                
20007aa9  Network_IF_ResetMCUStateMachine       
20007ab7  Network_IF_SetMCUMachineState         
20007ad3  Network_IF_UnsetMCUMachineState       
20015121  NwpMaskInterrupt                      
20014535  NwpPowerOff                           
20014c7d  NwpPowerOn                            
20014995  NwpRegisterInterruptHandler           
2001512d  NwpUnMaskInterrupt                    
20015686  OpcodeTranslateTable                  
2000ffdd  PRCMCC3200MCUInit                     
20014fe1  PRCMHIBRegRead                        
20014ff7  PRCMHIBRegWrite                       
200148f5  PRCMPeripheralClkDisable              
20014445  PRCMPeripheralClkEnable               
20012871  PRCMPeripheralClockGet                
20013a1d  PRCMPeripheralReset                   
20014615  PRCMPeripheralStatusGet               
200130f1  PRCMRTCGet                            
2001514f  PRCMRTCInUseSet                       
20013b75  PRCMSlowClkCtrGet                     
200147f9  PRCMSysResetCauseGet                  
20012bc9  PinConfigSet                          
20014249  PinModeSet                            
20011071  PinMuxConfig                          
200146b1  PinTypeGPIO                           
20014e55  PinTypeUART                           
2000ecbd  ReadOneChar                           
2000edf9  ReadTemp                              
2000e92d  Report                                
20015111  ResetISR                              
20023fc8  RxIrqCnt                              
UNDEFED   SHT$$INIT_ARRAY$$Base                 
UNDEFED   SHT$$INIT_ARRAY$$Limit                
2001491d  SL_FD_ISSET                           
20014b93  SL_FD_SET                             
200150d5  SL_FD_ZERO                            
20014eef  SPICSDisable                          
20014f07  SPICSEnable                           
2001255d  SPIConfigSetExpClk                    
20014f1f  SPIDisable                            
20014e6f  SPIDmaDisable                         
20014e89  SPIDmaEnable                          
20014f37  SPIEnable                             
20014ea3  SPIFIFODisable                        
20014ebd  SPIFIFOEnable                         
20014649  SPIFIFOLevelSet                       
20013e7d  SPIIntClear                           
20013cb5  SPIIntEnable                          
20014bb5  SPIReset                              
20014bd7  SPIWordCountSet                       
200241dc  SecurityParams                        
20006c21  SimpleLinkGeneralEventHandler         
20006cf5  SimpleLinkHttpServerCallback          
20006ba9  SimpleLinkNetAppEventHandler          
20006c41  SimpleLinkSockEventHandler            
200069e5  SimpleLinkWlanEventHandler            
20014029  TimerConfigure                        
20014cdd  TimerDisable                          
20014cfb  TimerEnable                           
200150b1  TimerIntClear                         
20014f4f  TimerIntDisable                       
20014f67  TimerIntEnable                        
20014d19  TimerIntStatus                        
200137c9  TimerIntUnregister                    
20014825  TimerLoadSet                          
2000a2b9  TimerPeriodicIntHandler               
2001484f  TimerPrescaleSet                      
20014daf  TimerValueGet                         
2000f775  Timer_IF_DeInit                       
2000f7a7  Timer_IF_GetCount                     
2000f689  Timer_IF_Init                         
2000f6bb  Timer_IF_IntSetup                     
2000f72d  Timer_IF_InterruptClear               
2000f78f  Timer_IF_ReLoad                       
2000f745  Timer_IF_Start                        
2000f765  Timer_IF_Stop                         
2000e895  TrimSpace                             
20014dcb  UARTCharGetNonBlocking                
20014d37  UARTCharPut                           
20014f7f  UARTCharsAvail                        
200134c5  UARTConfigSetExpClk                   
200146e1  UARTDisable                           
20014a75  UARTEnable                            
20015157  UtilsDelay                            
2000dbc5  VDeleteSimpleLinkSpawnTask            
2000ba0d  VMqttRecvTask                         
2000db75  VStartSimpleLinkSpawnTask             
2000ed5b  WriteOneChar                          
200148a3  _Dclass                               
20024080  _Denorm                               
200121dd  _Dnorm                                
200114cd  _Dscale                               
20013831  _Dunscale                             
20024090  _Eps                                  
200242ac  _Errno                                
200242a0  _Fenv                                 
20014741  _Feraise                              
200240a0  _Hugeval                              
200240b0  _Inf                                  
200240c0  _Nan                                  
200240e0  _Rteps                                
20015700  _SlActionLookupTable                  
200125fd  _SlDriverHandleError                  
20013ec5  _SlDrvBasicCmd                        
2001205d  _SlDrvCmdOp                           
200135ad  _SlDrvCmdSend                         
2000f259  _SlDrvDataReadOp                      
2001082d  _SlDrvDataWriteOp                     
200127d5  _SlDrvDeviceEventHandler              
200150e5  _SlDrvDispatchHttpServerEvents        
2001118d  _SlDrvDriverCBDeinit                  
2000fcbd  _SlDrvDriverCBInit                    
20014a99  _SlDrvGlobalObjUnLock                 
2001406d  _SlDrvHandleHttpServerEvents          
20014289  _SlDrvHandleNetAppEvents              
200142c9  _SlDrvHandleWlanEvents                
2001500d  _SlDrvMemZero                         
20011d31  _SlDrvMsgReadSpawnCtx                 
200115dd  _SlDrvNetAppEventHandler              
20014bf9  _SlDrvObjLockWaitForever              
20014d55  _SlDrvObjUnLock                       
20013d01  _SlDrvProtectAsyncRespSetting         
2001496d  _SlDrvProtectionObjLockWaitForever    
20014abd  _SlDrvProtectionObjUnLock             
2000f439  _SlDrvReleasePoolObj                  
200150f5  _SlDrvResetCmdExt                     
20013bc5  _SlDrvRxIrqHandler                    
20014d73  _SlDrvSyncObjSignal                   
20014ae1  _SlDrvSyncObjWaitForever              
20014309  _SlDrvSyncObjWaitTimeout              
2000fe4d  _SlDrvWaitForPoolObj                  
200157ec  _SlNetAppSendTokenValueCmdCtrl        
200240d0  _Snan                                 
200242a4  _Tls_setup__Fenv                      
200240f0  _Xbig                                 
200240f8  _Zero                                 
20030000  __STACK_END                           
00005000  __STACK_SIZE                          
00008000  __SYSMEM_SIZE                         
20015a00  __TI_CINIT_Base                       
20015a10  __TI_CINIT_Limit                      
200159ec  __TI_Handler_Table_Base               
200159f8  __TI_Handler_Table_Limit              
20013685  __TI_auto_init                        
20024298  __TI_cleanup_ptr                      
20015103  __TI_decompress_none                  
2001515d  __TI_decompress_rle24                 
2002429c  __TI_dtors_ptr                        
20009ca9  __TI_printfi                          
200158b8  __TI_static_base__                    
20015139  __TI_zero_init                        
20012d61  __aeabi_cdcmpeq                       
20012d61  __aeabi_cdcmple                       
20012de7  __aeabi_cdrcmple                      
20013f0d  __aeabi_d2iz                          
2000f7d3  __aeabi_dadd                          
20010979  __aeabi_ddiv                          
200116e1  __aeabi_dmul                          
2000f7c9  __aeabi_dsub                          
200145a5  __aeabi_f2iz                          
200132e1  __aeabi_fmul                          
20014771  __aeabi_i2d                           
2001335b  __aeabi_memclr                        
2001335b  __aeabi_memclr4                       
2001335b  __aeabi_memclr8                       
2001269d  __aeabi_memcpy                        
2001269d  __aeabi_memcpy4                       
2001269d  __aeabi_memcpy8                       
2001335d  __aeabi_memset                        
2001335d  __aeabi_memset4                       
2001335d  __aeabi_memset8                       
20014b4d  __aeabi_ui2f                          
2000f065  __aeabi_uldivmod                      
ffffffff  __binit__                             
ffffffff  __c_args__                            
2002b000  __stack                               
20014fb1  _args_main                            
20014481  _c_int00                              
20015168  _ctypes_                              
20024290  _lock                                 
20015083  _nop                                  
2001507b  _register_lock                        
20015075  _register_unlock                      
20013899  _sl_HandleAsync_Accept                
20012ef1  _sl_HandleAsync_Connect               
20012905  _sl_HandleAsync_DnsGetHostByName      
20011e05  _sl_HandleAsync_DnsGetHostByService   
20012f71  _sl_HandleAsync_InitComplete          
20012995  _sl_HandleAsync_PingResponse          
20013b21  _sl_HandleAsync_Select                
20013c15  _sl_HandleAsync_Stop                  
20013619  _sl_NetAppSendTokenValue              
2001b000  _sys_memory                           
20015163  _system_pre_init                      
20024294  _unlock                               
200140f9  abort                                 
20024204  app_hndl                              
20013d99  atoi                                  
ffffffff  binit                                 
2000e101  calloc                                
2000cc07  cl_ctx_remove                         
2000cb67  cl_ctx_reset                          
2000cb97  cl_ctx_timeout_insert                 
2000cc5d  cl_ctx_timeout_update                 
2000d051  comm_close                            
2000ceb9  comm_open                             
20013de5  copy_in                               
20024200  data_sw3                              
2002416c  debug_printf                          
20007f3d  eTaskGetState                         
20014101  exit                                  
2001467d  feraiseexcept                         
2000de4f  free                                  
20014c1b  frexp                                 
20023f98  g_PBQueue                             
20023f9c  g_S2InterruptHdl                      
20023fa0  g_S3InterruptHdl                      
20024284  g_SpiFd                               
20023fc9  g_bDeviceRestartIsRequired            
20023fa4  g_cDummy                              
2002425d  g_multi_srvr_conn                     
20024254  g_pCB                                 
20024288  g_pHostIntHdl                         
20004000  g_pfnVectors                          
20023fa8  g_rx_task_hndl                        
20023fac  g_rx_tx_sync_obj                      
20023f88  g_ucConnectionBSSID                   
20023ee8  g_ucConnectionSSID                    
2002428c  g_ucDMAEnabled                        
20023e00  g_ucDinDout                           
20023fca  g_ucLED1Pin                           
20023fcb  g_ucLED2Pin                           
20023fcc  g_ucLED3Pin                           
20024244  g_uiLED1Port                          
20024248  g_uiLED2Port                          
2002424c  g_uiLED3Port                          
20024274  g_ulGatewayIP                         
20024270  g_ulStaIp                             
2002426c  g_ulStatus                            
20023fc4  g_usConnectIndex                      
20023fc6  g_usTimerInts                         
20023fb0  g_wait_secs                           
20007b6d  itoa                                  
20013f9d  ldexp                                 
20013a75  ltoa                                  
2000ab6d  main                                  
200242b0  main_func_sp                          
2000dde7  malloc                                
2000dcc9  mem_Free                              
2000dcbd  mem_Malloc                            
2000dce9  mem_copy                              
2000dcd5  mem_set                               
2000e01d  memalign                              
20014de7  memccpy                               
2001269d  memcpy                                
20014b05  memmove                               
20013363  memset                                
2000dd59  minit                                 
2000c765  mqp_ack_wlist_append                  
2000c80b  mqp_ack_wlist_purge                   
2000c79b  mqp_ack_wlist_remove                  
2000c4ef  mqp_buf_rd_remlen                     
2000c47f  mqp_buf_tail_wr_remlen                
2000c40d  mqp_buf_wr_utf8                       
20006495  mqp_client_alloc                      
2000c367  mqp_free                              
2000c3b3  mqp_init                              
2000c85d  mqp_prep_fh                           
2000c68d  mqp_proc_msg_id_ack_rx                
2000c6c3  mqp_proc_pub_rx                       
2000c681  mqp_proc_vh_msg_id_rx                 
2000c5b1  mqp_pub_append_data                   
2000c4ff  mqp_pub_append_topic                  
2000c8d3  mqp_recv                              
2000c3a7  mqp_reset                             
20006389  mqtt_client_await_msg                 
200064e9  mqtt_client_buffers_register          
2000607d  mqtt_client_ctx_await_msg             
20006771  mqtt_client_ctx_create                
20006823  mqtt_client_ctx_delete                
200065f5  mqtt_client_ctx_info_register         
200060cf  mqtt_client_ctx_run                   
2000656d  mqtt_client_ctx_will_register         
20004a49  mqtt_client_is_connected              
20006905  mqtt_client_lib_exit                  
20006885  mqtt_client_lib_init                  
20006675  mqtt_client_net_svc_register          
20004a41  mqtt_client_new_msg_id                
20005223  mqtt_client_pub_dispatch              
20005195  mqtt_client_pub_msg_send              
200063f1  mqtt_client_run                       
20004c05  mqtt_client_send_progress             
20005045  mqtt_connect_msg_send                 
2000558f  mqtt_disconn_send                     
20023fb4  mqtt_lib_lockobj                      
20005553  mqtt_pingreq_send                     
2000546b  mqtt_sub_dispatch                     
20005455  mqtt_sub_msg_send                     
20005495  mqtt_unsub_dispatch                   
2000547f  mqtt_unsub_msg_send                   
2000bc07  mutex_lockup                          
2000bc17  mutex_unlock                          
20024208  net                                   
2000dd3f  osi_ContextRestore                    
2000dd3d  osi_ContextSave                       
2000dcfd  osi_EnterCritical                     
2000dd07  osi_ExitCritical                      
2000d923  osi_InterruptDeRegister               
2000d8fd  osi_InterruptRegister                 
2000da2d  osi_LockObjCreate                     
2000daa1  osi_LockObjDelete                     
2000dab1  osi_LockObjLock                       
2000dadd  osi_LockObjUnlock                     
2000dbf1  osi_MsgQCreate                        
2000dc35  osi_MsgQDelete                        
2000dc81  osi_MsgQRead                          
2000dc4f  osi_MsgQWrite                         
2000dd19  osi_Sleep                             
2000db07  osi_Spawn                             
2000da0b  osi_SyncObjClear                      
2000d935  osi_SyncObjCreate                     
2000d965  osi_SyncObjDelete                     
2000d97f  osi_SyncObjSignal                     
2000d9a7  osi_SyncObjSignalFromISR              
2000d9df  osi_SyncObjWait                       
2000da53  osi_TaskCreate                        
2000da93  osi_TaskDelete                        
2000dd29  osi_TaskDisable                       
2000dd33  osi_TaskEnable                        
2000dd11  osi_start                             
20024258  pPingCallBackFunc                     
20015624  pcDigits                              
20008461  pcTaskGetTaskName                     
20014ca5  platform_get_time_in_secs             
20014c9d  platform_timer_init                   
20012351  portCLZ                               
20012339  prvPortStartFirstTask                 
200241fc  pub_topic_sw3                         
2000a249  pushButtonInterruptHandler2           
2000a261  pushButtonInterruptHandler3           
2001456d  pvPortMalloc                          
200241a8  pxCurrentTCB                          
200113bd  pxPortInitialiseStack                 
2000caf7  qos2_pub_cq_check                     
2000ca75  qos2_pub_cq_logup                     
2000ca53  qos2_pub_cq_reset                     
2000cab3  qos2_pub_cq_unlog                     
2001479f  raise                                 
2000df11  realloc                               
2000d2cd  recv_from                             
2000d06b  rtc_secs                              
2000c83d  secure_conn_struct_init               
2000d24d  send_dest                             
20014389  signal                                
2000f981  sl_Accept                             
20012739  sl_Bind                               
20014139  sl_Close                              
200102c5  sl_Connect                            
20012359  sl_DevGet                             
2000bdbd  sl_ExtLib_MqttClientConnect           
2000bac9  sl_ExtLib_MqttClientCtxCreate         
2000bbcd  sl_ExtLib_MqttClientCtxDelete         
2000bf61  sl_ExtLib_MqttClientDisconnect        
2000bcf5  sl_ExtLib_MqttClientExit              
2000bc29  sl_ExtLib_MqttClientInit              
2000c1b1  sl_ExtLib_MqttClientSend              
2000bd55  sl_ExtLib_MqttClientSet               
2000bfdd  sl_ExtLib_MqttClientSub               
2000c0d5  sl_ExtLib_MqttClientUnsub             
20014205  sl_Htonl                              
200144bd  sl_Htons                              
20013c65  sl_Listen                             
20010ab1  sl_NetAppDnsGetHostByName             
20011ed1  sl_NetAppMDNSRegisterUnregisterService
20013f55  sl_NetAppMDNSUnRegisterService        
2001211d  sl_NetCfgGet                          
2001316d  sl_NetCfgSet                          
200149bb  sl_Provisioning_HttpServerEventHdl    
200149c9  sl_Provisioning_NetAppEventHdl        
200149d5  sl_Provisioning_WlanEventHdl          
20012cd9  sl_Recv                               
20010f51  sl_RecvFrom                           
20010431  sl_Select                             
200112a5  sl_Send                               
20010d09  sl_SendTo                             
200131e9  sl_SetSockOpt                         
2001353d  sl_Socket                             
20011a99  sl_Start                              
200119b5  sl_Stop                               
2000e9ed  sl_WlanConnect                        
20014cbd  sl_WlanDisconnect                     
200133d5  sl_WlanPolicySet                      
2000e4c9  sl_WlanProfileAdd                     
2001417d  sl_WlanProfileDel                     
200136f1  sl_WlanRxFilterSet                    
20013265  sl_WlanSet                            
200141c1  sl_WlanSetMode                        
2001344d  spi_Close                             
200106dd  spi_Open                              
20011c55  spi_Read                              
20012b3d  spi_Write                             
20015023  strchr                                
20014fc9  strcmp                                
20015089  strcpy                                
20014b29  strcspn                               
2001509d  strlen                                
200149e1  strncmp                               
20014711  strncpy                               
20014879  strspn                                
200143c9  strtok                                
2000d1dd  tcp_accept                            
2000d073  tcp_listen                            
2000cff1  tcp_recv                              
2000d0ff  tcp_select                            
2000cfcb  tcp_send                              
20013e31  uDMAChannelAssign                     
200138fd  uDMAChannelAttributeDisable           
20013961  uDMAChannelAttributeEnable            
200144f9  uDMAChannelControlSet                 
20014e05  uDMAChannelEnable                     
200117dd  uDMAChannelTransferSet                
2000b485  ucQueueGetQueueType                   
200122a1  ulPortSetInterruptMask                
20024100  usr_connect_config                    
20010cbf  uxListRemove                          
2000b465  uxQueueGetQueueNumber                 
2000b3f9  uxQueueMessagesWaiting                
2000b42f  uxQueueMessagesWaitingFromISR         
2000b40f  uxQueueSpacesAvailable                
20008455  uxTaskGetNumberOfTasks                
20008485  uxTaskGetSystemState                  
20008979  uxTaskGetTaskNumber                   
20007fd1  uxTaskPriorityGet                     
20008ed1  uxTaskResetEventItemValue             
200069d7  vApplicationIdleHook                  
200069d9  vApplicationMallocFailedHook          
200069db  vApplicationStackOverflowHook         
200069cd  vAssertCalled                         
20010bdd  vListInitialise                       
20010c0d  vListInitialiseItem                   
20010c59  vListInsert                           
20010c1d  vListInsertEnd                        
200122b7  vPortClearInterruptMask               
20011439  vPortEndScheduler                     
2001144d  vPortEnterCritical                    
20011465  vPortExitCritical                     
2001458d  vPortFree                             
20012311  vPortSVCHandler                       
20011499  vPortSetupTimerInterrupt              
2001143b  vPortYield                            
2000b69f  vQueueAddToRegistry                   
2000b441  vQueueDelete                          
2000b473  vQueueSetQueueNumber                  
2000b6e1  vQueueUnregisterQueue                 
20007ee7  vTaskDelay                            
20007e4b  vTaskDelayUntil                       
20007dbb  vTaskDelete                           
20008339  vTaskEndScheduler                     
2000896b  vTaskMissedYield                      
20008701  vTaskPlaceOnEventList                 
20008765  vTaskPlaceOnUnorderedEventList        
20008e47  vTaskPriorityDisinherit               
20008d8d  vTaskPriorityInherit                  
20008009  vTaskPrioritySet                      
20008201  vTaskResume                           
20008999  vTaskSetTaskNumber                    
200088cb  vTaskSetTimeOutState                  
200082ef  vTaskStartScheduler                   
2000810d  vTaskSuspend                          
2000834b  vTaskSuspendAll                       
20008681  vTaskSwitchContext                    
20012c51  vsnprintf                             
20024260  xHigherPriorityTaskWoken              
200122c5  xPortPendSVHandler                    
2001140d  xPortStartScheduler                   
2001147d  xPortSysTickHandler                   
2000b72f  xQueueAddToSet                        
2000b061  xQueueAltGenericReceive               
2000afb5  xQueueAltGenericSend                  
2000ae89  xQueueCreateCountingSemaphore         
2000ae0b  xQueueCreateMutex                     
2000b71b  xQueueCreateSet                       
2000ad95  xQueueGenericCreate                   
2000b1fb  xQueueGenericReceive                  
2000ad05  xQueueGenericReset                    
2000aea9  xQueueGenericSend                     
2000b15f  xQueueGenericSendFromISR              
2000b63b  xQueueIsQueueEmptyFromISR             
2000b67d  xQueueIsQueueFullFromISR              
2000b3b5  xQueuePeekFromISR                     
2000b33d  xQueueReceiveFromISR                  
20023e50  xQueueRegistry                        
2000b763  xQueueRemoveFromSet                   
2000b7a5  xQueueSelectFromSet                   
2000b7bf  xQueueSelectFromSetFromISR            
20024264  xSimpleLinkSpawnQueue                 
20024268  xSimpleLinkSpawnTaskHndl              
200088f1  xTaskCheckForTimeOut                  
20007cad  xTaskGenericCreate                    
20008d41  xTaskGetCurrentTaskHandle             
20008543  xTaskGetIdleTaskHandle                
20008d55  xTaskGetSchedulerState                
20008429  xTaskGetTickCount                     
2000843d  xTaskGetTickCountFromISR              
2000855d  xTaskIncrementTick                    
200087d9  xTaskRemoveFromEventList              
2000885d  xTaskRemoveFromUnorderedEventList     
2000835d  xTaskResumeAll                        
20008275  xTaskResumeFromISR                    


GLOBAL SYMBOLS: SORTED BY Symbol Address 

address   name                                  
-------   ----                                  
00005000  __STACK_SIZE                          
00008000  __SYSMEM_SIZE                         
20004000  g_pfnVectors                          
20004a41  mqtt_client_new_msg_id                
20004a49  mqtt_client_is_connected              
20004c05  mqtt_client_send_progress             
20005045  mqtt_connect_msg_send                 
20005195  mqtt_client_pub_msg_send              
20005223  mqtt_client_pub_dispatch              
20005455  mqtt_sub_msg_send                     
2000546b  mqtt_sub_dispatch                     
2000547f  mqtt_unsub_msg_send                   
20005495  mqtt_unsub_dispatch                   
20005553  mqtt_pingreq_send                     
2000558f  mqtt_disconn_send                     
2000607d  mqtt_client_ctx_await_msg             
200060cf  mqtt_client_ctx_run                   
20006389  mqtt_client_await_msg                 
200063f1  mqtt_client_run                       
20006495  mqp_client_alloc                      
200064e9  mqtt_client_buffers_register          
2000656d  mqtt_client_ctx_will_register         
200065f5  mqtt_client_ctx_info_register         
20006675  mqtt_client_net_svc_register          
20006771  mqtt_client_ctx_create                
20006823  mqtt_client_ctx_delete                
20006885  mqtt_client_lib_init                  
20006905  mqtt_client_lib_exit                  
200069cd  vAssertCalled                         
200069d7  vApplicationIdleHook                  
200069d9  vApplicationMallocFailedHook          
200069db  vApplicationStackOverflowHook         
200069e5  SimpleLinkWlanEventHandler            
20006ba9  SimpleLinkNetAppEventHandler          
20006c21  SimpleLinkGeneralEventHandler         
20006c41  SimpleLinkSockEventHandler            
20006cf5  SimpleLinkHttpServerCallback          
200070cf  InitializeAppVariables                
20007109  ConfigureSimpleLinkToDefaultState     
200074a9  Network_IF_InitDriver                 
2000760d  Network_IF_DeInitDriver               
200077ad  Network_IF_ConnectAP                  
2000798b  Network_IF_DisconnectFromAP           
200079c9  Network_IF_IpConfigGet                
20007a3d  Network_IF_GetHostIP                  
20007aa9  Network_IF_ResetMCUStateMachine       
20007ab1  Network_IF_CurrentMCUState            
20007ab7  Network_IF_SetMCUMachineState         
20007ad3  Network_IF_UnsetMCUMachineState       
20007b6d  itoa                                  
20007cad  xTaskGenericCreate                    
20007dbb  vTaskDelete                           
20007e4b  vTaskDelayUntil                       
20007ee7  vTaskDelay                            
20007f3d  eTaskGetState                         
20007fd1  uxTaskPriorityGet                     
20008009  vTaskPrioritySet                      
2000810d  vTaskSuspend                          
20008201  vTaskResume                           
20008275  xTaskResumeFromISR                    
200082ef  vTaskStartScheduler                   
20008339  vTaskEndScheduler                     
2000834b  vTaskSuspendAll                       
2000835d  xTaskResumeAll                        
20008429  xTaskGetTickCount                     
2000843d  xTaskGetTickCountFromISR              
20008455  uxTaskGetNumberOfTasks                
20008461  pcTaskGetTaskName                     
20008485  uxTaskGetSystemState                  
20008543  xTaskGetIdleTaskHandle                
2000855d  xTaskIncrementTick                    
20008681  vTaskSwitchContext                    
20008701  vTaskPlaceOnEventList                 
20008765  vTaskPlaceOnUnorderedEventList        
200087d9  xTaskRemoveFromEventList              
2000885d  xTaskRemoveFromUnorderedEventList     
200088cb  vTaskSetTimeOutState                  
200088f1  xTaskCheckForTimeOut                  
2000896b  vTaskMissedYield                      
20008979  uxTaskGetTaskNumber                   
20008999  vTaskSetTaskNumber                    
20008d41  xTaskGetCurrentTaskHandle             
20008d55  xTaskGetSchedulerState                
20008d8d  vTaskPriorityInherit                  
20008e47  vTaskPriorityDisinherit               
20008ed1  uxTaskResetEventItemValue             
20009ca9  __TI_printfi                          
2000a249  pushButtonInterruptHandler2           
2000a261  pushButtonInterruptHandler3           
2000a2b9  TimerPeriodicIntHandler               
2000a313  LedTimerConfigNStart                  
2000a341  LedTimerDeinitStop                    
2000a355  BoardInit                             
2000a551  MqttClient                            
2000ab6d  main                                  
2000ad05  xQueueGenericReset                    
2000ad95  xQueueGenericCreate                   
2000ae0b  xQueueCreateMutex                     
2000ae89  xQueueCreateCountingSemaphore         
2000aea9  xQueueGenericSend                     
2000afb5  xQueueAltGenericSend                  
2000b061  xQueueAltGenericReceive               
2000b15f  xQueueGenericSendFromISR              
2000b1fb  xQueueGenericReceive                  
2000b33d  xQueueReceiveFromISR                  
2000b3b5  xQueuePeekFromISR                     
2000b3f9  uxQueueMessagesWaiting                
2000b40f  uxQueueSpacesAvailable                
2000b42f  uxQueueMessagesWaitingFromISR         
2000b441  vQueueDelete                          
2000b465  uxQueueGetQueueNumber                 
2000b473  vQueueSetQueueNumber                  
2000b485  ucQueueGetQueueType                   
2000b63b  xQueueIsQueueEmptyFromISR             
2000b67d  xQueueIsQueueFullFromISR              
2000b69f  vQueueAddToRegistry                   
2000b6e1  vQueueUnregisterQueue                 
2000b71b  xQueueCreateSet                       
2000b72f  xQueueAddToSet                        
2000b763  xQueueRemoveFromSet                   
2000b7a5  xQueueSelectFromSet                   
2000b7bf  xQueueSelectFromSetFromISR            
2000ba0d  VMqttRecvTask                         
2000bac9  sl_ExtLib_MqttClientCtxCreate         
2000bbcd  sl_ExtLib_MqttClientCtxDelete         
2000bc07  mutex_lockup                          
2000bc17  mutex_unlock                          
2000bc29  sl_ExtLib_MqttClientInit              
2000bcf5  sl_ExtLib_MqttClientExit              
2000bd55  sl_ExtLib_MqttClientSet               
2000bdbd  sl_ExtLib_MqttClientConnect           
2000bf61  sl_ExtLib_MqttClientDisconnect        
2000bfdd  sl_ExtLib_MqttClientSub               
2000c0d5  sl_ExtLib_MqttClientUnsub             
2000c1b1  sl_ExtLib_MqttClientSend              
2000c367  mqp_free                              
2000c3a7  mqp_reset                             
2000c3b3  mqp_init                              
2000c40d  mqp_buf_wr_utf8                       
2000c47f  mqp_buf_tail_wr_remlen                
2000c4ef  mqp_buf_rd_remlen                     
2000c4ff  mqp_pub_append_topic                  
2000c5b1  mqp_pub_append_data                   
2000c681  mqp_proc_vh_msg_id_rx                 
2000c68d  mqp_proc_msg_id_ack_rx                
2000c6c3  mqp_proc_pub_rx                       
2000c765  mqp_ack_wlist_append                  
2000c79b  mqp_ack_wlist_remove                  
2000c80b  mqp_ack_wlist_purge                   
2000c83d  secure_conn_struct_init               
2000c85d  mqp_prep_fh                           
2000c8d3  mqp_recv                              
2000ca53  qos2_pub_cq_reset                     
2000ca75  qos2_pub_cq_logup                     
2000cab3  qos2_pub_cq_unlog                     
2000caf7  qos2_pub_cq_check                     
2000cb67  cl_ctx_reset                          
2000cb97  cl_ctx_timeout_insert                 
2000cc07  cl_ctx_remove                         
2000cc5d  cl_ctx_timeout_update                 
2000ceb9  comm_open                             
2000cfcb  tcp_send                              
2000cff1  tcp_recv                              
2000d051  comm_close                            
2000d06b  rtc_secs                              
2000d073  tcp_listen                            
2000d0ff  tcp_select                            
2000d1dd  tcp_accept                            
2000d24d  send_dest                             
2000d2cd  recv_from                             
2000d8fd  osi_InterruptRegister                 
2000d923  osi_InterruptDeRegister               
2000d935  osi_SyncObjCreate                     
2000d965  osi_SyncObjDelete                     
2000d97f  osi_SyncObjSignal                     
2000d9a7  osi_SyncObjSignalFromISR              
2000d9df  osi_SyncObjWait                       
2000da0b  osi_SyncObjClear                      
2000da2d  osi_LockObjCreate                     
2000da53  osi_TaskCreate                        
2000da93  osi_TaskDelete                        
2000daa1  osi_LockObjDelete                     
2000dab1  osi_LockObjLock                       
2000dadd  osi_LockObjUnlock                     
2000db07  osi_Spawn                             
2000db75  VStartSimpleLinkSpawnTask             
2000dbc5  VDeleteSimpleLinkSpawnTask            
2000dbf1  osi_MsgQCreate                        
2000dc35  osi_MsgQDelete                        
2000dc4f  osi_MsgQWrite                         
2000dc81  osi_MsgQRead                          
2000dcbd  mem_Malloc                            
2000dcc9  mem_Free                              
2000dcd5  mem_set                               
2000dce9  mem_copy                              
2000dcfd  osi_EnterCritical                     
2000dd07  osi_ExitCritical                      
2000dd11  osi_start                             
2000dd19  osi_Sleep                             
2000dd29  osi_TaskDisable                       
2000dd33  osi_TaskEnable                        
2000dd3d  osi_ContextSave                       
2000dd3f  osi_ContextRestore                    
2000dd59  minit                                 
2000dde7  malloc                                
2000de4f  free                                  
2000df11  realloc                               
2000e01d  memalign                              
2000e101  calloc                                
2000e171  GPIO_IF_LedConfigure                  
2000e1af  GPIO_IF_LedOn                         
2000e263  GPIO_IF_LedOff                        
2000e317  GPIO_IF_LedStatus                     
2000e381  GPIO_IF_LedToggle                     
2000e3af  GPIO_IF_GetPortNPin                   
2000e3f5  GPIO_IF_ConfigureNIntEnable           
2000e437  GPIO_IF_Set                           
2000e471  GPIO_IF_Get                           
2000e4c9  sl_WlanProfileAdd                     
2000e75d  InitTerm                              
2000e77b  Message                               
2000e79d  ClearTerm                             
2000e7a7  Error                                 
2000e7df  GetCmd                                
2000e895  TrimSpace                             
2000e92d  Report                                
2000e9ed  sl_WlanConnect                        
2000ec4d  Init_QT18B20                          
2000ecbd  ReadOneChar                           
2000ed5b  WriteOneChar                          
2000edf9  ReadTemp                              
2000f065  __aeabi_uldivmod                      
2000f259  _SlDrvDataReadOp                      
2000f439  _SlDrvReleasePoolObj                  
2000f689  Timer_IF_Init                         
2000f6bb  Timer_IF_IntSetup                     
2000f72d  Timer_IF_InterruptClear               
2000f745  Timer_IF_Start                        
2000f765  Timer_IF_Stop                         
2000f775  Timer_IF_DeInit                       
2000f78f  Timer_IF_ReLoad                       
2000f7a7  Timer_IF_GetCount                     
2000f7c9  __aeabi_dsub                          
2000f7d3  __aeabi_dadd                          
2000f981  sl_Accept                             
2000fcbd  _SlDrvDriverCBInit                    
2000fe4d  _SlDrvWaitForPoolObj                  
2000ffdd  PRCMCC3200MCUInit                     
200102c5  sl_Connect                            
20010431  sl_Select                             
2001058d  GPIOs3IntHandler                      
200105ad  GPIOs2IntHandler                      
200105cd  Button_IF_Init                        
20010631  Button_IF_EnableInterrupt             
20010681  Button_IF_DisableInterrupt            
200106dd  spi_Open                              
2001082d  _SlDrvDataWriteOp                     
20010979  __aeabi_ddiv                          
20010ab1  sl_NetAppDnsGetHostByName             
20010bdd  vListInitialise                       
20010c0d  vListInitialiseItem                   
20010c1d  vListInsertEnd                        
20010c59  vListInsert                           
20010cbf  uxListRemove                          
20010d09  sl_SendTo                             
20010f51  sl_RecvFrom                           
20011071  PinMuxConfig                          
2001118d  _SlDrvDriverCBDeinit                  
200112a5  sl_Send                               
200113bd  pxPortInitialiseStack                 
2001140d  xPortStartScheduler                   
20011439  vPortEndScheduler                     
2001143b  vPortYield                            
2001144d  vPortEnterCritical                    
20011465  vPortExitCritical                     
2001147d  xPortSysTickHandler                   
20011499  vPortSetupTimerInterrupt              
200114cd  _Dscale                               
200115dd  _SlDrvNetAppEventHandler              
200116e1  __aeabi_dmul                          
200117dd  uDMAChannelTransferSet                
200119b5  sl_Stop                               
20011a99  sl_Start                              
20011c55  spi_Read                              
20011d31  _SlDrvMsgReadSpawnCtx                 
20011e05  _sl_HandleAsync_DnsGetHostByService   
20011ed1  sl_NetAppMDNSRegisterUnregisterService
2001205d  _SlDrvCmdOp                           
2001211d  sl_NetCfgGet                          
200121dd  _Dnorm                                
200122a1  ulPortSetInterruptMask                
200122b7  vPortClearInterruptMask               
200122c5  xPortPendSVHandler                    
20012311  vPortSVCHandler                       
20012339  prvPortStartFirstTask                 
20012351  portCLZ                               
20012359  sl_DevGet                             
2001240d  IntDisable                            
200124b5  IntEnable                             
2001255d  SPIConfigSetExpClk                    
200125fd  _SlDriverHandleError                  
2001269d  __aeabi_memcpy                        
2001269d  __aeabi_memcpy4                       
2001269d  __aeabi_memcpy8                       
2001269d  memcpy                                
20012739  sl_Bind                               
200127d5  _SlDrvDeviceEventHandler              
20012871  PRCMPeripheralClockGet                
20012905  _sl_HandleAsync_DnsGetHostByName      
20012995  _sl_HandleAsync_PingResponse          
20012b3d  spi_Write                             
20012bc9  PinConfigSet                          
20012c51  vsnprintf                             
20012cd9  sl_Recv                               
20012d61  __aeabi_cdcmpeq                       
20012d61  __aeabi_cdcmple                       
20012de7  __aeabi_cdrcmple                      
20012e6d  GPIOIntTypeSet                        
20012ef1  _sl_HandleAsync_Connect               
20012f71  _sl_HandleAsync_InitComplete          
200130f1  PRCMRTCGet                            
2001316d  sl_NetCfgSet                          
200131e9  sl_SetSockOpt                         
20013265  sl_WlanSet                            
200132e1  __aeabi_fmul                          
2001335b  __aeabi_memclr                        
2001335b  __aeabi_memclr4                       
2001335b  __aeabi_memclr8                       
2001335d  __aeabi_memset                        
2001335d  __aeabi_memset4                       
2001335d  __aeabi_memset8                       
20013363  memset                                
200133d5  sl_WlanPolicySet                      
2001344d  spi_Close                             
200134c5  UARTConfigSetExpClk                   
2001353d  sl_Socket                             
200135ad  _SlDrvCmdSend                         
20013619  _sl_NetAppSendTokenValue              
20013685  __TI_auto_init                        
200136f1  sl_WlanRxFilterSet                    
200137c9  TimerIntUnregister                    
20013831  _Dunscale                             
20013899  _sl_HandleAsync_Accept                
200138fd  uDMAChannelAttributeDisable           
20013961  uDMAChannelAttributeEnable            
200139c5  IntPendClear                          
20013a1d  PRCMPeripheralReset                   
20013a75  ltoa                                  
20013acd  IntPrioritySet                        
20013b21  _sl_HandleAsync_Select                
20013b75  PRCMSlowClkCtrGet                     
20013bc5  _SlDrvRxIrqHandler                    
20013c15  _sl_HandleAsync_Stop                  
20013c65  sl_Listen                             
20013cb5  SPIIntEnable                          
20013d01  _SlDrvProtectAsyncRespSetting         
20013d99  atoi                                  
20013de5  copy_in                               
20013e31  uDMAChannelAssign                     
20013e7d  SPIIntClear                           
20013ec5  _SlDrvBasicCmd                        
20013f0d  __aeabi_d2iz                          
20013f55  sl_NetAppMDNSUnRegisterService        
20013f9d  ldexp                                 
20014029  TimerConfigure                        
2001406d  _SlDrvHandleHttpServerEvents          
200140f5  C$$EXIT                               
200140f9  abort                                 
20014101  exit                                  
20014139  sl_Close                              
2001417d  sl_WlanProfileDel                     
200141c1  sl_WlanSetMode                        
20014205  sl_Htonl                              
20014249  PinModeSet                            
20014289  _SlDrvHandleNetAppEvents              
200142c9  _SlDrvHandleWlanEvents                
20014309  _SlDrvSyncObjWaitTimeout              
20014389  signal                                
200143c9  strtok                                
20014445  PRCMPeripheralClkEnable               
20014481  _c_int00                              
200144bd  sl_Htons                              
200144f9  uDMAChannelControlSet                 
20014535  NwpPowerOff                           
2001456d  pvPortMalloc                          
2001458d  vPortFree                             
200145a5  __aeabi_f2iz                          
200145dd  GPIODirModeSet                        
20014615  PRCMPeripheralStatusGet               
20014649  SPIFIFOLevelSet                       
2001467d  feraiseexcept                         
200146b1  PinTypeGPIO                           
200146e1  UARTDisable                           
20014711  strncpy                               
20014741  _Feraise                              
20014771  __aeabi_i2d                           
2001479f  raise                                 
200147cd  DmaSpiSwIntHandler                    
200147f9  PRCMSysResetCauseGet                  
20014825  TimerLoadSet                          
2001484f  TimerPrescaleSet                      
20014879  strspn                                
200148a3  _Dclass                               
200148f5  PRCMPeripheralClkDisable              
2001491d  SL_FD_ISSET                           
2001496d  _SlDrvProtectionObjLockWaitForever    
20014995  NwpRegisterInterruptHandler           
200149bb  sl_Provisioning_HttpServerEventHdl    
200149c9  sl_Provisioning_NetAppEventHdl        
200149d5  sl_Provisioning_WlanEventHdl          
200149e1  strncmp                               
20014a09  IntUnregister                         
20014a75  UARTEnable                            
20014a99  _SlDrvGlobalObjUnLock                 
20014abd  _SlDrvProtectionObjUnLock             
20014ae1  _SlDrvSyncObjWaitForever              
20014b05  memmove                               
20014b29  strcspn                               
20014b4d  __aeabi_ui2f                          
20014b71  GPIOIntStatus                         
20014b93  SL_FD_SET                             
20014bb5  SPIReset                              
20014bd7  SPIWordCountSet                       
20014bf9  _SlDrvObjLockWaitForever              
20014c1b  frexp                                 
20014c3d  GPIOPinWrite                          
20014c5d  IntRegister                           
20014c7d  NwpPowerOn                            
20014c9d  platform_timer_init                   
20014ca5  platform_get_time_in_secs             
20014cbd  sl_WlanDisconnect                     
20014cdd  TimerDisable                          
20014cfb  TimerEnable                           
20014d19  TimerIntStatus                        
20014d37  UARTCharPut                           
20014d55  _SlDrvObjUnLock                       
20014d73  _SlDrvSyncObjSignal                   
20014daf  TimerValueGet                         
20014dcb  UARTCharGetNonBlocking                
20014de7  memccpy                               
20014e05  uDMAChannelEnable                     
20014e21  GPIOIntDisable                        
20014e3b  GPIOIntEnable                         
20014e55  PinTypeUART                           
20014e6f  SPIDmaDisable                         
20014e89  SPIDmaEnable                          
20014ea3  SPIFIFODisable                        
20014ebd  SPIFIFOEnable                         
20014ed7  GPIOPinRead                           
20014eef  SPICSDisable                          
20014f07  SPICSEnable                           
20014f1f  SPIDisable                            
20014f37  SPIEnable                             
20014f4f  TimerIntDisable                       
20014f67  TimerIntEnable                        
20014f7f  UARTCharsAvail                        
20014fb1  _args_main                            
20014fc9  strcmp                                
20014fe1  PRCMHIBRegRead                        
20014ff7  PRCMHIBRegWrite                       
2001500d  _SlDrvMemZero                         
20015023  strchr                                
20015039  CPUcpsie                              
2001504d  GPIOIntClear                          
20015061  IntVTableBaseSet                      
20015075  _register_unlock                      
2001507b  _register_lock                        
20015083  _nop                                  
20015089  strcpy                                
2001509d  strlen                                
200150b1  TimerIntClear                         
200150d5  SL_FD_ZERO                            
200150e5  _SlDrvDispatchHttpServerEvents        
200150f5  _SlDrvResetCmdExt                     
20015103  __TI_decompress_none                  
20015111  ResetISR                              
20015121  NwpMaskInterrupt                      
2001512d  NwpUnMaskInterrupt                    
20015139  __TI_zero_init                        
20015145  IntMasterEnable                       
2001514f  PRCMRTCInUseSet                       
20015157  UtilsDelay                            
2001515d  __TI_decompress_rle24                 
20015163  _system_pre_init                      
20015168  _ctypes_                              
20015624  pcDigits                              
20015686  OpcodeTranslateTable                  
20015700  _SlActionLookupTable                  
200157ec  _SlNetAppSendTokenValueCmdCtrl        
200158b8  __TI_static_base__                    
200159ec  __TI_Handler_Table_Base               
200159f8  __TI_Handler_Table_Limit              
20015a00  __TI_CINIT_Base                       
20015a10  __TI_CINIT_Limit                      
2001b000  _sys_memory                           
20023e00  g_ucDinDout                           
20023e50  xQueueRegistry                        
20023ee8  g_ucConnectionSSID                    
20023f88  g_ucConnectionBSSID                   
20023f90  DMAMsgQ                               
20023f98  g_PBQueue                             
20023f9c  g_S2InterruptHdl                      
20023fa0  g_S3InterruptHdl                      
20023fa4  g_cDummy                              
20023fa8  g_rx_task_hndl                        
20023fac  g_rx_tx_sync_obj                      
20023fb0  g_wait_secs                           
20023fb4  mqtt_lib_lockobj                      
20023fc4  g_usConnectIndex                      
20023fc6  g_usTimerInts                         
20023fc8  RxIrqCnt                              
20023fc9  g_bDeviceRestartIsRequired            
20023fca  g_ucLED1Pin                           
20023fcb  g_ucLED2Pin                           
20023fcc  g_ucLED3Pin                           
20024080  _Denorm                               
20024090  _Eps                                  
200240a0  _Hugeval                              
200240b0  _Inf                                  
200240c0  _Nan                                  
200240d0  _Snan                                 
200240e0  _Rteps                                
200240f0  _Xbig                                 
200240f8  _Zero                                 
20024100  usr_connect_config                    
2002416c  debug_printf                          
200241a8  pxCurrentTCB                          
200241dc  SecurityParams                        
200241e8  Mqtt_Client                           
200241fc  pub_topic_sw3                         
20024200  data_sw3                              
20024204  app_hndl                              
20024208  net                                   
20024244  g_uiLED1Port                          
20024248  g_uiLED2Port                          
2002424c  g_uiLED3Port                          
20024254  g_pCB                                 
20024258  pPingCallBackFunc                     
2002425d  g_multi_srvr_conn                     
20024260  xHigherPriorityTaskWoken              
20024264  xSimpleLinkSpawnQueue                 
20024268  xSimpleLinkSpawnTaskHndl              
2002426c  g_ulStatus                            
20024270  g_ulStaIp                             
20024274  g_ulGatewayIP                         
20024284  g_SpiFd                               
20024288  g_pHostIntHdl                         
2002428c  g_ucDMAEnabled                        
20024290  _lock                                 
20024294  _unlock                               
20024298  __TI_cleanup_ptr                      
2002429c  __TI_dtors_ptr                        
200242a0  _Fenv                                 
200242a4  _Tls_setup__Fenv                      
200242ac  _Errno                                
200242b0  main_func_sp                          
2002b000  __stack                               
20030000  __STACK_END                           
ffffffff  __binit__                             
ffffffff  __c_args__                            
ffffffff  binit                                 
UNDEFED   SHT$$INIT_ARRAY$$Base                 
UNDEFED   SHT$$INIT_ARRAY$$Limit                

[563 symbols]
